<html>
<body>
<pre>
<h1>µVision Build Log</h1>
<h2>Tool Versions:</h2>
IDE-Version: µVision V5.40.0.0
Copyright (C) 2024 ARM Ltd and ARM Germany GmbH. All rights reserved.
License Information: jarno bostyn, VIVES, LIC=----
 
Tool Versions:
Toolchain:       MDK-Lite  Version: 5.40.0.3
Toolchain Path:  C:\Users\jarno\AppData\Local\Keil_v5\ARM\ARMCLANG\Bin
C Compiler:      ArmClang.exe V6.22
Assembler:       Armasm.exe V6.22
Linker/Locator:  ArmLink.exe V6.22
Library Manager: ArmAr.exe V6.22
Hex Converter:   FromElf.exe V6.22
CPU DLL:         
Dialog DLL:      
Target DLL:      STLink\ST-LINKIII-KEIL_SWO.dll V3.3.0.0
Dialog DLL:      TCM.DLL V1.56.4.0
 
<h2>Project:</h2>
C:\Users\jarno\OneDrive - Hogeschool VIVES\Documenten\2de bachelor\2de semester\Entertainlent Tech\USB_MIDI_H533RE\MDK-ARM\USB_MIDI2.uvprojx
Project File Date:  02/13/2026

<h2>Output:</h2>
*** Using Compiler 'V6.22', folder: 'C:\Users\jarno\AppData\Local\Keil_v5\ARM\ARMCLANG\Bin'
Build target 'USB_MIDI2'
compiling usb_descriptors.c...
linking...
Program Size: Code=29762 RO-data=898 RW-data=60 ZI-data=3468  
FromELF: creating hex file...
"USB_MIDI2\USB_MIDI2.axf" - 0 Error(s), 0 Warning(s).

<h2>Software Packages used:</h2>

Package Vendor: ARM
                https://www.keil.com/pack/ARM.CMSIS.6.3.0.pack
                ARM::CMSIS@6.3.0
                CMSIS (Common Microcontroller Software Interface Standard)
   * Component: CORE Version: 6.2.0

Package Vendor: Keil
                https://www.keil.com/pack/Keil.STM32H5xx_DFP.2.1.1.pack
                Keil::STM32H5xx_DFP@2.1.1
                STMicroelectronics STM32H5 Series Device Support

<h2>Collection of Component include folders:</h2>
  ./RTE/_USB_MIDI2
  C:/Users/jarno/AppData/Local/Arm/Packs/ARM/CMSIS/6.3.0/CMSIS/Core/Include

<h2>Collection of Component Files used:</h2>

   * Component: ARM::CMSIS:CORE@6.2.0
      Include file:  CMSIS/Core/Include/tz_context.h
Build Time Elapsed:  00:00:01
</pre>
</body>
</html>
