Component: Arm Compiler for Embedded 6.22 Tool: armlink [5ee90200]

==============================================================================

Section Cross References

    startup_stm32h533xx.o(STACK) refers (Special) to heapauxi.o(.text) for __use_two_region_memory
    startup_stm32h533xx.o(HEAP) refers (Special) to heapauxi.o(.text) for __use_two_region_memory
    startup_stm32h533xx.o(RESET) refers (Special) to heapauxi.o(.text) for __use_two_region_memory
    startup_stm32h533xx.o(RESET) refers to startup_stm32h533xx.o(STACK) for __initial_sp
    startup_stm32h533xx.o(RESET) refers to startup_stm32h533xx.o(.text) for Reset_Handler
    startup_stm32h533xx.o(RESET) refers to stm32h5xx_it.o(.text.NMI_Handler) for NMI_Handler
    startup_stm32h533xx.o(RESET) refers to stm32h5xx_it.o(.text.HardFault_Handler) for HardFault_Handler
    startup_stm32h533xx.o(RESET) refers to stm32h5xx_it.o(.text.MemManage_Handler) for MemManage_Handler
    startup_stm32h533xx.o(RESET) refers to stm32h5xx_it.o(.text.BusFault_Handler) for BusFault_Handler
    startup_stm32h533xx.o(RESET) refers to stm32h5xx_it.o(.text.UsageFault_Handler) for UsageFault_Handler
    startup_stm32h533xx.o(RESET) refers to stm32h5xx_it.o(.text.SVC_Handler) for SVC_Handler
    startup_stm32h533xx.o(RESET) refers to stm32h5xx_it.o(.text.DebugMon_Handler) for DebugMon_Handler
    startup_stm32h533xx.o(RESET) refers to stm32h5xx_it.o(.text.PendSV_Handler) for PendSV_Handler
    startup_stm32h533xx.o(RESET) refers to stm32h5xx_it.o(.text.SysTick_Handler) for SysTick_Handler
    startup_stm32h533xx.o(RESET) refers to stm32h5xx_it.o(.text.EXTI13_IRQHandler) for EXTI13_IRQHandler
    startup_stm32h533xx.o(RESET) refers to stm32h5xx_it.o(.text.GPDMA1_Channel0_IRQHandler) for GPDMA1_Channel0_IRQHandler
    startup_stm32h533xx.o(RESET) refers to stm32h5xx_it.o(.text.USB_DRD_FS_IRQHandler) for USB_DRD_FS_IRQHandler
    startup_stm32h533xx.o(.text) refers (Special) to heapauxi.o(.text) for __use_two_region_memory
    startup_stm32h533xx.o(.text) refers to system_stm32h5xx.o(.text.SystemInit) for SystemInit
    startup_stm32h533xx.o(.text) refers to __main.o(!!!main) for __main
    startup_stm32h533xx.o(.text) refers to startup_stm32h533xx.o(HEAP) for Heap_Mem
    startup_stm32h533xx.o(.text) refers to startup_stm32h533xx.o(STACK) for Stack_Mem
    main.o(.text.main) refers to stm32h5xx_hal.o(.text.HAL_Init) for HAL_Init
    main.o(.text.main) refers to main.o(.text.SystemClock_Config) for SystemClock_Config
    main.o(.text.main) refers to stm32h5xx_hal_gpio.o(.text.HAL_GPIO_WritePin) for HAL_GPIO_WritePin
    main.o(.text.main) refers to stm32h5xx_hal_gpio.o(.text.HAL_GPIO_Init) for HAL_GPIO_Init
    main.o(.text.main) refers to stm32h5xx_hal_cortex.o(.text.HAL_NVIC_SetPriority) for HAL_NVIC_SetPriority
    main.o(.text.main) refers to stm32h5xx_hal_cortex.o(.text.HAL_NVIC_EnableIRQ) for HAL_NVIC_EnableIRQ
    main.o(.text.main) refers to main.o(.bss.hpcd_USB_DRD_FS) for hpcd_USB_DRD_FS
    main.o(.text.main) refers to stm32h5xx_hal_pcd.o(.text.HAL_PCD_Init) for HAL_PCD_Init
    main.o(.text.main) refers to stm32h5xx_hal_pcd.o(.text.HAL_PCD_Start) for HAL_PCD_Start
    main.o(.text.main) refers to main.o(.bss.hadc1) for hadc1
    main.o(.text.main) refers to stm32h5xx_hal_adc.o(.text.HAL_ADC_Init) for HAL_ADC_Init
    main.o(.text.main) refers to stm32h5xx_hal_adc.o(.text.HAL_ADC_ConfigChannel) for HAL_ADC_ConfigChannel
    main.o(.text.main) refers to main.o(.bss.htim6) for htim6
    main.o(.text.main) refers to stm32h5xx_hal_tim.o(.text.HAL_TIM_Base_Init) for HAL_TIM_Base_Init
    main.o(.text.main) refers to stm32h5xx_hal_tim_ex.o(.text.HAL_TIMEx_MasterConfigSynchronization) for HAL_TIMEx_MasterConfigSynchronization
    main.o(.text.main) refers to main.o(.text.mcp23s17_write_reg) for mcp23s17_write_reg
    main.o(.text.main) refers to main.o(.data..L_MergedGlobals) for .L_MergedGlobals
    main.o(.text.main) refers to main.o(.bss..L_MergedGlobals.1) for .L_MergedGlobals.1
    main.o(.text.main) refers to stm32h5xx_hal_tim.o(.text.HAL_TIM_Base_Start) for HAL_TIM_Base_Start
    main.o(.text.main) refers to stm32h5xx_hal_adc.o(.text.HAL_ADC_Start_DMA) for HAL_ADC_Start_DMA
    main.o(.text.main) refers to tusb.o(.text.tusb_rhport_init) for tusb_rhport_init
    main.o(.text.main) refers to stm32h5xx_nucleo.o(.text.BSP_PB_Init) for BSP_PB_Init
    main.o(.text.main) refers to stm32h5xx_nucleo.o(.text.BSP_COM_Init) for BSP_COM_Init
    main.o(.text.main) refers to usbd.o(.text.tud_task_ext) for tud_task_ext
    main.o(.text.main) refers to stm32h5xx_hal.o(.text.HAL_GetTick) for HAL_GetTick
    main.o(.text.main) refers to stm32h5xx_hal_gpio.o(.text.HAL_GPIO_ReadPin) for HAL_GPIO_ReadPin
    main.o(.text.main) refers to usbd.o(.text.tud_mounted) for tud_mounted
    main.o(.text.main) refers to main.o(.rodata.note_map) for note_map
    main.o(.text.main) refers to midi_device.o(.text.tud_midi_n_packet_write) for tud_midi_n_packet_write
[...]
    HEAP                                     0x20000958   Section      512  startup_stm32h533xx.o(HEAP)
    Stack_Mem                                0x20000b58   Data        1024  startup_stm32h533xx.o(STACK)
    STACK                                    0x20000b58   Section     1024  startup_stm32h533xx.o(STACK)
    __initial_sp                             0x20000f58   Data           0  startup_stm32h533xx.o(STACK)

    Global Symbols

    Symbol Name                              Value     Ov Type        Size  Object(Section)

    BuildAttributes$$THM_ISAv4$E$P$D$K$B$S$7EM$8M$VFPi5$EXTD16$VFPS$VFMA$PE$A:L22UL41UL21$X:L11$S22US41US21$IEEE1$IW$~IW$USESV6$~STKCKD$USESV7$~SHL$OTIME$ROPI$EBA8$UX$STANDARDLIB$REQ8$PRES8$EABIv2 0x00000000   Number         0  anon$$obj.o ABSOLUTE
    __ARM_exceptions_init                     - Undefined Weak Reference
    __alloca_initialize                       - Undefined Weak Reference
    __arm_preinit_                            - Undefined Weak Reference
    __arm_relocate_pie_                       - Undefined Weak Reference
    __cpp_initialize__aeabi_                  - Undefined Weak Reference
    __cxa_finalize                            - Undefined Weak Reference
    __rt_locale                               - Undefined Weak Reference
    __sigvec_lookup                           - Undefined Weak Reference
    _atexit_init                              - Undefined Weak Reference
    _call_atexit_fns                          - Undefined Weak Reference
    _clock_init                               - Undefined Weak Reference
    _fp_trap_init                             - Undefined Weak Reference
    _fp_trap_shutdown                         - Undefined Weak Reference
    _get_lc_collate                           - Undefined Weak Reference
    _get_lc_ctype                             - Undefined Weak Reference
    _get_lc_monetary                          - Undefined Weak Reference
    _get_lc_numeric                           - Undefined Weak Reference
    _get_lc_time                              - Undefined Weak Reference
    _getenv_init                              - Undefined Weak Reference
    _handle_redirection                       - Undefined Weak Reference
    _init_alloc                               - Undefined Weak Reference
    _init_user_alloc                          - Undefined Weak Reference
    _initio                                   - Undefined Weak Reference
    _rand_init                                - Undefined Weak Reference
    _signal_finish                            - Undefined Weak Reference
    _signal_init                              - Undefined Weak Reference
    _terminate_alloc                          - Undefined Weak Reference
    _terminate_user_alloc                     - Undefined Weak Reference
    _terminateio                              - Undefined Weak Reference
    __Vectors_Size                           0x00000254   Number         0  startup_stm32h533xx.o ABSOLUTE
    __Vectors                                0x08000000   Data           4  startup_stm32h533xx.o(RESET)
    __Vectors_End                            0x08000254   Data           0  startup_stm32h533xx.o(RESET)
    __main                                   0x08000255   Thumb Code     8  __main.o(!!!main)
    __scatterload                            0x0800025d   Thumb Code     0  __scatter.o(!!!scatter)
    __scatterload_rt2                        0x0800025d   Thumb Code    84  __scatter.o(!!!scatter)
    __scatterload_rt2_thumb_only             0x0800025d   Thumb Code     0  __scatter.o(!!!scatter)
    __scatterload_loop                       0x08000267   Thumb Code     0  __scatter.o(!!!scatter)
    __scatterload_copy                       0x080002b9   Thumb Code    26  __scatter_copy.o(!!handler_copy)
    __scatterload_null                       0x080002d5   Thumb Code     2  __scatter.o(!!handler_null)
    __scatterload_zeroinit                   0x080002d9   Thumb Code    28  __scatter_zi.o(!!handler_zi)
    __rt_lib_init                            0x080002f5   Thumb Code     0  libinit.o(.ARM.Collect$$libinit$$00000000)
    __rt_lib_init_fp_1                       0x080002f7   Thumb Code     0  libinit2.o(.ARM.Collect$$libinit$$00000001)
    __rt_lib_init_alloca_1                   0x080002fb   Thumb Code     0  libinit2.o(.ARM.Collect$$libinit$$00000030)
    __rt_lib_init_argv_1                     0x080002fb   Thumb Code     0  libinit2.o(.ARM.Collect$$libinit$$0000002E)
    __rt_lib_init_atexit_1                   0x080002fb   Thumb Code     0  libinit2.o(.ARM.Collect$$libinit$$0000001D)
    __rt_lib_init_clock_1                    0x080002fb   Thumb Code     0  libinit2.o(.ARM.Collect$$libinit$$00000023)
    __rt_lib_init_cpp_1                      0x080002fb   Thumb Code     0  libinit2.o(.ARM.Collect$$libinit$$00000034)
    __rt_lib_init_exceptions_1               0x080002fb   Thumb Code     0  libinit2.o(.ARM.Collect$$libinit$$00000032)
    __rt_lib_init_fp_trap_1                  0x080002fb   Thumb Code     0  libinit2.o(.ARM.Collect$$libinit$$00000021)
    __rt_lib_init_getenv_1                   0x080002fb   Thumb Code     0  libinit2.o(.ARM.Collect$$libinit$$00000025)
    __rt_lib_init_heap_1                     0x080002fb   Thumb Code     0  libinit2.o(.ARM.Collect$$libinit$$0000000C)
    __rt_lib_init_lc_collate_1               0x080002fb   Thumb Code     0  libinit2.o(.ARM.Collect$$libinit$$00000013)
    __rt_lib_init_lc_ctype_1                 0x080002fb   Thumb Code     0  libinit2.o(.ARM.Collect$$libinit$$00000015)
    __rt_lib_init_lc_monetary_1              0x080002fb   Thumb Code     0  libinit2.o(.ARM.Collect$$libinit$$00000017)
    __rt_lib_init_lc_numeric_1               0x080002fb   Thumb Code     0  libinit2.o(.ARM.Collect$$libinit$$00000019)
    __rt_lib_init_lc_time_1                  0x080002fb   Thumb Code     0  libinit2.o(.ARM.Collect$$libinit$$0000001B)
    __rt_lib_init_preinit_1                  0x080002fb   Thumb Code     0  libinit2.o(.ARM.Collect$$libinit$$00000006)
    __rt_lib_init_rand_1                     0x080002fb   Thumb Code     0  libinit2.o(.ARM.Collect$$libinit$$00000010)
    __rt_lib_init_relocate_pie_1             0x080002fb   Thumb Code     0  libinit2.o(.ARM.Collect$$libinit$$00000004)
    __rt_lib_init_return                     0x080002fb   Thumb Code     0  libinit2.o(.ARM.Collect$$libinit$$00000035)
    __rt_lib_init_signal_1                   0x080002fb   Thumb Code     0  libinit2.o(.ARM.Collect$$libinit$$0000001F)
    __rt_lib_init_stdio_1                    0x080002fb   Thumb Code     0  libinit2.o(.ARM.Collect$$libinit$$00000027)
    __rt_lib_init_user_alloc_1               0x080002fb   Thumb Code     0  libinit2.o(.ARM.Collect$$libinit$$0000000E)
    __rt_lib_shutdown                        0x080002fd   Thumb Code     0  libshutdown.o(.ARM.Collect$$libshutdown$$00000000)
    __rt_lib_shutdown_cpp_1                  0x080002ff   Thumb Code     0  libshutdown2.o(.ARM.Collect$$libshutdown$$00000002)
    __rt_lib_shutdown_fp_trap_1              0x080002ff   Thumb Code     0  libshutdown2.o(.ARM.Collect$$libshutdown$$00000007)
    __rt_lib_shutdown_heap_1                 0x080002ff   Thumb Code     0  libshutdown2.o(.ARM.Collect$$libshutdown$$0000000F)
    __rt_lib_shutdown_return                 0x080002ff   Thumb Code     0  libshutdown2.o(.ARM.Collect$$libshutdown$$00000010)
    __rt_lib_shutdown_signal_1               0x080002ff   Thumb Code     0  libshutdown2.o(.ARM.Collect$$libshutdown$$0000000A)
    __rt_lib_shutdown_stdio_1                0x080002ff   Thumb Code     0  libshutdown2.o(.ARM.Collect$$libshutdown$$00000004)
    __rt_lib_shutdown_user_alloc_1           0x080002ff   Thumb Code     0  libshutdown2.o(.ARM.Collect$$libshutdown$$0000000C)
    __rt_entry                               0x08000301   Thumb Code     0  __rtentry.o(.ARM.Collect$$rtentry$$00000000)
    __rt_entry_presh_1                       0x08000301   Thumb Code     0  __rtentry2.o(.ARM.Collect$$rtentry$$00000002)
    __rt_entry_sh                            0x08000301   Thumb Code     0  __rtentry4.o(.ARM.Collect$$rtentry$$00000004)
    __rt_entry_li                            0x08000307   Thumb Code     0  __rtentry2.o(.ARM.Collect$$rtentry$$0000000A)
    __rt_entry_postsh_1                      0x08000307   Thumb Code     0  __rtentry2.o(.ARM.Collect$$rtentry$$00000009)
    __rt_entry_main                          0x0800030b   Thumb Code     0  __rtentry2.o(.ARM.Collect$$rtentry$$0000000D)
    __rt_entry_postli_1                      0x0800030b   Thumb Code     0  __rtentry2.o(.ARM.Collect$$rtentry$$0000000C)
    __rt_exit                                0x08000313   Thumb Code     0  rtexit.o(.ARM.Collect$$rtexit$$00000000)
    __rt_exit_ls                             0x08000315   Thumb Code     0  rtexit2.o(.ARM.Collect$$rtexit$$00000003)
    __rt_exit_prels_1                        0x08000315   Thumb Code     0  rtexit2.o(.ARM.Collect$$rtexit$$00000002)
    __rt_exit_exit                           0x08000319   Thumb Code     0  rtexit2.o(.ARM.Collect$$rtexit$$00000004)
    Reset_Handler                            0x08000321   Thumb Code     8  startup_stm32h533xx.o(.text)
    SecureFault_Handler                      0x08000333   Thumb Code     2  startup_stm32h533xx.o(.text)
    ADC1_IRQHandler                          0x0800033d   Thumb Code     0  startup_stm32h533xx.o(.text)
    ADC2_IRQHandler                          0x0800033d   Thumb Code     0  startup_stm32h533xx.o(.text)
    AES_IRQHandler                           0x0800033d   Thumb Code     0  startup_stm32h533xx.o(.text)
    CEC_IRQHandler                           0x0800033d   Thumb Code     0  startup_stm32h533xx.o(.text)
    CRS_IRQHandler                           0x0800033d   Thumb Code     0  startup_stm32h533xx.o(.text)
    DAC1_IRQHandler                          0x0800033d   Thumb Code     0  startup_stm32h533xx.o(.text)
    DCACHE1_IRQHandler                       0x0800033d   Thumb Code     0  startup_stm32h533xx.o(.text)
    DCMI_PSSI_IRQHandler                     0x0800033d   Thumb Code     0  startup_stm32h533xx.o(.text)
    DTS_IRQHandler                           0x0800033d   Thumb Code     0  startup_stm32h533xx.o(.text)
    EXTI0_IRQHandler                         0x0800033d   Thumb Code     0  startup_stm32h533xx.o(.text)
    EXTI10_IRQHandler                        0x0800033d   Thumb Code     0  startup_stm32h533xx.o(.text)
    EXTI11_IRQHandler                        0x0800033d   Thumb Code     0  startup_stm32h533xx.o(.text)
    EXTI12_IRQHandler                        0x0800033d   Thumb Code     0  startup_stm32h533xx.o(.text)
    EXTI14_IRQHandler                        0x0800033d   Thumb Code     0  startup_stm32h533xx.o(.text)
    EXTI15_IRQHandler                        0x0800033d   Thumb Code     0  startup_stm32h533xx.o(.text)
    EXTI1_IRQHandler                         0x0800033d   Thumb Code     0  startup_stm32h533xx.o(.text)
    EXTI2_IRQHandler                         0x0800033d   Thumb Code     0  startup_stm32h533xx.o(.text)
    EXTI3_IRQHandler                         0x0800033d   Thumb Code     0  startup_stm32h533xx.o(.text)
    EXTI4_IRQHandler                         0x0800033d   Thumb Code     0  startup_stm32h533xx.o(.text)
    EXTI5_IRQHandler                         0x0800033d   Thumb Code     0  startup_stm32h533xx.o(.text)
    EXTI6_IRQHandler                         0x0800033d   Thumb Code     0  startup_stm32h533xx.o(.text)
    EXTI7_IRQHandler                         0x0800033d   Thumb Code     0  startup_stm32h533xx.o(.text)
    EXTI8_IRQHandler                         0x0800033d   Thumb Code     0  startup_stm32h533xx.o(.text)
    EXTI9_IRQHandler                         0x0800033d   Thumb Code     0  startup_stm32h533xx.o(.text)
    FDCAN1_IT0_IRQHandler                    0x0800033d   Thumb Code     0  startup_stm32h533xx.o(.text)
    FDCAN1_IT1_IRQHandler                    0x0800033d   Thumb Code     0  startup_stm32h533xx.o(.text)
    FDCAN2_IT0_IRQHandler                    0x0800033d   Thumb Code     0  startup_stm32h533xx.o(.text)
    FDCAN2_IT1_IRQHandler                    0x0800033d   Thumb Code     0  startup_stm32h533xx.o(.text)
    FLASH_IRQHandler                         0x0800033d   Thumb Code     0  startup_stm32h533xx.o(.text)
    FLASH_S_IRQHandler                       0x0800033d   Thumb Code     0  startup_stm32h533xx.o(.text)
    FMC_IRQHandler                           0x0800033d   Thumb Code     0  startup_stm32h533xx.o(.text)
    FPU_IRQHandler                           0x0800033d   Thumb Code     0  startup_stm32h533xx.o(.text)
    GPDMA1_Channel1_IRQHandler               0x0800033d   Thumb Code     0  startup_stm32h533xx.o(.text)
    GPDMA1_Channel2_IRQHandler               0x0800033d   Thumb Code     0  startup_stm32h533xx.o(.text)
    GPDMA1_Channel3_IRQHandler               0x0800033d   Thumb Code     0  startup_stm32h533xx.o(.text)
    GPDMA1_Channel4_IRQHandler               0x0800033d   Thumb Code     0  startup_stm32h533xx.o(.text)
    GPDMA1_Channel5_IRQHandler               0x0800033d   Thumb Code     0  startup_stm32h533xx.o(.text)
    GPDMA1_Channel6_IRQHandler               0x0800033d   Thumb Code     0  startup_stm32h533xx.o(.text)
    GPDMA1_Channel7_IRQHandler               0x0800033d   Thumb Code     0  startup_stm32h533xx.o(.text)
    GPDMA2_Channel0_IRQHandler               0x0800033d   Thumb Code     0  startup_stm32h533xx.o(.text)
    GPDMA2_Channel1_IRQHandler               0x0800033d   Thumb Code     0  startup_stm32h533xx.o(.text)
    GPDMA2_Channel2_IRQHandler               0x0800033d   Thumb Code     0  startup_stm32h533xx.o(.text)
    GPDMA2_Channel3_IRQHandler               0x0800033d   Thumb Code     0  startup_stm32h533xx.o(.text)
    GPDMA2_Channel4_IRQHandler               0x0800033d   Thumb Code     0  startup_stm32h533xx.o(.text)
    GPDMA2_Channel5_IRQHandler               0x0800033d   Thumb Code     0  startup_stm32h533xx.o(.text)
    GPDMA2_Channel6_IRQHandler               0x0800033d   Thumb Code     0  startup_stm32h533xx.o(.text)
    GPDMA2_Channel7_IRQHandler               0x0800033d   Thumb Code     0  startup_stm32h533xx.o(.text)
    GTZC_IRQHandler                          0x0800033d   Thumb Code     0  startup_stm32h533xx.o(.text)
    HASH_IRQHandler                          0x0800033d   Thumb Code     0  startup_stm32h533xx.o(.text)
    I2C1_ER_IRQHandler                       0x0800033d   Thumb Code     0  startup_stm32h533xx.o(.text)
    I2C1_EV_IRQHandler                       0x0800033d   Thumb Code     0  startup_stm32h533xx.o(.text)
    I2C2_ER_IRQHandler                       0x0800033d   Thumb Code     0  startup_stm32h533xx.o(.text)
    I2C2_EV_IRQHandler                       0x0800033d   Thumb Code     0  startup_stm32h533xx.o(.text)
    I2C3_ER_IRQHandler                       0x0800033d   Thumb Code     0  startup_stm32h533xx.o(.text)
    I2C3_EV_IRQHandler                       0x0800033d   Thumb Code     0  startup_stm32h533xx.o(.text)
    I3C1_ER_IRQHandler                       0x0800033d   Thumb Code     0  startup_stm32h533xx.o(.text)
    I3C1_EV_IRQHandler                       0x0800033d   Thumb Code     0  startup_stm32h533xx.o(.text)
    I3C2_ER_IRQHandler                       0x0800033d   Thumb Code     0  startup_stm32h533xx.o(.text)
    I3C2_EV_IRQHandler                       0x0800033d   Thumb Code     0  startup_stm32h533xx.o(.text)
    ICACHE_IRQHandler                        0x0800033d   Thumb Code     0  startup_stm32h533xx.o(.text)
    IWDG_IRQHandler                          0x0800033d   Thumb Code     0  startup_stm32h533xx.o(.text)
    LPTIM1_IRQHandler                        0x0800033d   Thumb Code     0  startup_stm32h533xx.o(.text)
    LPTIM2_IRQHandler                        0x0800033d   Thumb Code     0  startup_stm32h533xx.o(.text)
    LPUART1_IRQHandler                       0x0800033d   Thumb Code     0  startup_stm32h533xx.o(.text)
    OCTOSPI1_IRQHandler                      0x0800033d   Thumb Code     0  startup_stm32h533xx.o(.text)
    OTFDEC1_IRQHandler                       0x0800033d   Thumb Code     0  startup_stm32h533xx.o(.text)
    PKA_IRQHandler                           0x0800033d   Thumb Code     0  startup_stm32h533xx.o(.text)
    PVD_AVD_IRQHandler                       0x0800033d   Thumb Code     0  startup_stm32h533xx.o(.text)
    RAMCFG_IRQHandler                        0x0800033d   Thumb Code     0  startup_stm32h533xx.o(.text)
    RCC_IRQHandler                           0x0800033d   Thumb Code     0  startup_stm32h533xx.o(.text)
    RCC_S_IRQHandler                         0x0800033d   Thumb Code     0  startup_stm32h533xx.o(.text)
    RNG_IRQHandler                           0x0800033d   Thumb Code     0  startup_stm32h533xx.o(.text)
    RTC_IRQHandler                           0x0800033d   Thumb Code     0  startup_stm32h533xx.o(.text)
    RTC_S_IRQHandler                         0x0800033d   Thumb Code     0  startup_stm32h533xx.o(.text)
    SAES_IRQHandler                          0x0800033d   Thumb Code     0  startup_stm32h533xx.o(.text)
    SDMMC1_IRQHandler                        0x0800033d   Thumb Code     0  startup_stm32h533xx.o(.text)
    SPI1_IRQHandler                          0x0800033d   Thumb Code     0  startup_stm32h533xx.o(.text)
    SPI2_IRQHandler                          0x0800033d   Thumb Code     0  startup_stm32h533xx.o(.text)
    SPI3_IRQHandler                          0x0800033d   Thumb Code     0  startup_stm32h533xx.o(.text)
    SPI4_IRQHandler                          0x0800033d   Thumb Code     0  startup_stm32h533xx.o(.text)
    TAMP_IRQHandler                          0x0800033d   Thumb Code     0  startup_stm32h533xx.o(.text)
    TIM12_IRQHandler                         0x0800033d   Thumb Code     0  startup_stm32h533xx.o(.text)
    TIM15_IRQHandler                         0x0800033d   Thumb Code     0  startup_stm32h533xx.o(.text)
    TIM1_BRK_IRQHandler                      0x0800033d   Thumb Code     0  startup_stm32h533xx.o(.text)
    TIM1_CC_IRQHandler                       0x0800033d   Thumb Code     0  startup_stm32h533xx.o(.text)
    TIM1_TRG_COM_IRQHandler                  0x0800033d   Thumb Code     0  startup_stm32h533xx.o(.text)
    TIM1_UP_IRQHandler                       0x0800033d   Thumb Code     0  startup_stm32h533xx.o(.text)
    TIM2_IRQHandler                          0x0800033d   Thumb Code     0  startup_stm32h533xx.o(.text)
    TIM3_IRQHandler                          0x0800033d   Thumb Code     0  startup_stm32h533xx.o(.text)
    TIM4_IRQHandler                          0x0800033d   Thumb Code     0  startup_stm32h533xx.o(.text)
    TIM5_IRQHandler                          0x0800033d   Thumb Code     0  startup_stm32h533xx.o(.text)
    TIM6_IRQHandler                          0x0800033d   Thumb Code     0  startup_stm32h533xx.o(.text)
    TIM7_IRQHandler                          0x0800033d   Thumb Code     0  startup_stm32h533xx.o(.text)
    TIM8_BRK_IRQHandler                      0x0800033d   Thumb Code     0  startup_stm32h533xx.o(.text)
    TIM8_CC_IRQHandler                       0x0800033d   Thumb Code     0  startup_stm32h533xx.o(.text)
    TIM8_TRG_COM_IRQHandler                  0x0800033d   Thumb Code     0  startup_stm32h533xx.o(.text)
    TIM8_UP_IRQHandler                       0x0800033d   Thumb Code     0  startup_stm32h533xx.o(.text)
    UART4_IRQHandler                         0x0800033d   Thumb Code     0  startup_stm32h533xx.o(.text)
    UART5_IRQHandler                         0x0800033d   Thumb Code     0  startup_stm32h533xx.o(.text)
    UCPD1_IRQHandler                         0x0800033d   Thumb Code     0  startup_stm32h533xx.o(.text)
    USART1_IRQHandler                        0x0800033d   Thumb Code     0  startup_stm32h533xx.o(.text)
    USART2_IRQHandler                        0x0800033d   Thumb Code     0  startup_stm32h533xx.o(.text)
    USART3_IRQHandler                        0x0800033d   Thumb Code     0  startup_stm32h533xx.o(.text)
    USART6_IRQHandler                        0x0800033d   Thumb Code     0  startup_stm32h533xx.o(.text)
    WWDG_IRQHandler                          0x0800033d   Thumb Code     0  startup_stm32h533xx.o(.text)
    __user_initial_stackheap                 0x08000341   Thumb Code    10  startup_stm32h533xx.o(.text)
    __aeabi_uldivmod                         0x08000365   Thumb Code     0  lludivv7m.o(.text)
    _ll_udiv                                 0x08000365   Thumb Code   240  lludivv7m.o(.text)
    strlen                                   0x08000455   Thumb Code    62  strlen.o(.text)
    __aeabi_memcpy                           0x08000493   Thumb Code     0  rt_memcpy_v6.o(.text)
    __rt_memcpy                              0x08000493   Thumb Code   138  rt_memcpy_v6.o(.text)
    _memcpy_lastbytes                        0x080004f9   Thumb Code     0  rt_memcpy_v6.o(.text)
    __aeabi_memclr4                          0x0800051d   Thumb Code     0  rt_memclr_w.o(.text)
    __aeabi_memclr8                          0x0800051d   Thumb Code     0  rt_memclr_w.o(.text)
    __rt_memclr_w                            0x0800051d   Thumb Code     0  rt_memclr_w.o(.text)
    _memset_w                                0x08000521   Thumb Code    74  rt_memclr_w.o(.text)
    __use_two_region_memory                  0x0800056b   Thumb Code     2  heapauxi.o(.text)
    __rt_heap_escrow$2region                 0x0800056d   Thumb Code     2  heapauxi.o(.text)
    __rt_heap_expand$2region                 0x0800056f   Thumb Code     2  heapauxi.o(.text)
    __aeabi_memcpy4                          0x08000571   Thumb Code     0  rt_memcpy_w.o(.text)
    __aeabi_memcpy8                          0x08000571   Thumb Code     0  rt_memcpy_w.o(.text)
    __rt_memcpy_w                            0x08000571   Thumb Code   100  rt_memcpy_w.o(.text)
    _memcpy_lastbytes_aligned                0x080005b9   Thumb Code     0  rt_memcpy_w.o(.text)
    __user_setup_stackheap                   0x080005d5   Thumb Code    74  sys_stackheap_outer.o(.text)
    exit                                     0x0800061f   Thumb Code    18  exit.o(.text)
    __user_libspace                          0x08000631   Thumb Code     8  libspace.o(.text)
    __user_perproc_libspace                  0x08000631   Thumb Code     0  libspace.o(.text)
    __user_perthread_libspace                0x08000631   Thumb Code     0  libspace.o(.text)
    _sys_exit                                0x08000639   Thumb Code     8  sys_exit.o(.text)
    __I$use$semihosting                      0x08000645   Thumb Code     0  use_no_semi.o(.text)
    __use_no_semihosting_swi                 0x08000645   Thumb Code     2  use_no_semi.o(.text)
    __semihosting_library_function           0x08000647   Thumb Code     0  indicate_semi.o(.text)
    ADC_DMAConvCplt                          0x08000649   Thumb Code    98  stm32h5xx_hal_adc.o(.text.ADC_DMAConvCplt)
    ADC_DMAError                             0x080006ad   Thumb Code    22  stm32h5xx_hal_adc.o(.text.ADC_DMAError)
    ADC_DMAHalfConvCplt                      0x080006c5   Thumb Code     6  stm32h5xx_hal_adc.o(.text.ADC_DMAHalfConvCplt)
    ADC_Enable                               0x080006cd   Thumb Code   242  stm32h5xx_hal_adc.o(.text.ADC_Enable)
    BSP_COM_Init                             0x080007c1   Thumb Code   164  stm32h5xx_nucleo.o(.text.BSP_COM_Init)
    BSP_PB_Callback                          0x08000865   Thumb Code     2  stm32h5xx_nucleo.o(.text.BSP_PB_Callback)
    BSP_PB_IRQHandler                        0x08000869   Thumb Code    20  stm32h5xx_nucleo.o(.text.BSP_PB_IRQHandler)
    BSP_PB_Init                              0x0800087d   Thumb Code   152  stm32h5xx_nucleo.o(.text.BSP_PB_Init)
    BusFault_Handler                         0x0800091d   Thumb Code     2  stm32h5xx_it.o(.text.BusFault_Handler)
    DebugMon_Handler                         0x08000af5   Thumb Code     2  stm32h5xx_it.o(.text.DebugMon_Handler)
    EXTI13_IRQHandler                        0x08000af9   Thumb Code     6  stm32h5xx_it.o(.text.EXTI13_IRQHandler)
    Error_Handler                            0x08000b01   Thumb Code     6  main.o(.text.Error_Handler)
    GPDMA1_Channel0_IRQHandler               0x08000b09   Thumb Code    12  stm32h5xx_it.o(.text.GPDMA1_Channel0_IRQHandler)
    HAL_ADC_ConfigChannel                    0x08000b15   Thumb Code   984  stm32h5xx_hal_adc.o(.text.HAL_ADC_ConfigChannel)
    HAL_ADC_ConvCpltCallback                 0x08000eed   Thumb Code     2  stm32h5xx_hal_adc.o(.text.HAL_ADC_ConvCpltCallback)
    HAL_ADC_ConvHalfCpltCallback             0x08000ef1   Thumb Code     2  stm32h5xx_hal_adc.o(.text.HAL_ADC_ConvHalfCpltCallback)
    HAL_ADC_ErrorCallback                    0x08000ef5   Thumb Code     2  stm32h5xx_hal_adc.o(.text.HAL_ADC_ErrorCallback)
    HAL_ADC_Init                             0x08000ef9   Thumb Code   506  stm32h5xx_hal_adc.o(.text.HAL_ADC_Init)
    HAL_ADC_MspInit                          0x080010f5   Thumb Code   340  stm32h5xx_hal_msp.o(.text.HAL_ADC_MspInit)
    HAL_ADC_Start_DMA                        0x08001249   Thumb Code   348  stm32h5xx_hal_adc.o(.text.HAL_ADC_Start_DMA)
    HAL_DMAEx_List_BuildNode                 0x080013a5   Thumb Code   372  stm32h5xx_hal_dma_ex.o(.text.HAL_DMAEx_List_BuildNode)
    HAL_DMAEx_List_GetNodeConfig             0x08001519   Thumb Code   342  stm32h5xx_hal_dma_ex.o(.text.HAL_DMAEx_List_GetNodeConfig)
    HAL_DMAEx_List_Init                      0x08001671   Thumb Code   790  stm32h5xx_hal_dma_ex.o(.text.HAL_DMAEx_List_Init)
    HAL_DMAEx_List_InsertNode                0x08001989   Thumb Code   298  stm32h5xx_hal_dma_ex.o(.text.HAL_DMAEx_List_InsertNode)
    HAL_DMAEx_List_LinkQ                     0x08001ab5   Thumb Code   246  stm32h5xx_hal_dma_ex.o(.text.HAL_DMAEx_List_LinkQ)
    HAL_DMAEx_List_SetCircularMode           0x08001bad   Thumb Code   278  stm32h5xx_hal_dma_ex.o(.text.HAL_DMAEx_List_SetCircularMode)
    HAL_DMAEx_List_Start_IT                  0x08001cc5   Thumb Code   216  stm32h5xx_hal_dma_ex.o(.text.HAL_DMAEx_List_Start_IT)
    HAL_DMA_ConfigChannelAttributes          0x08001d9d   Thumb Code    58  stm32h5xx_hal_dma.o(.text.HAL_DMA_ConfigChannelAttributes)
    HAL_DMA_IRQHandler                       0x08001dd9   Thumb Code   424  stm32h5xx_hal_dma.o(.text.HAL_DMA_IRQHandler)
    HAL_DMA_Start_IT                         0x08001f81   Thumb Code   178  stm32h5xx_hal_dma.o(.text.HAL_DMA_Start_IT)
    HAL_EXTI_GetHandle                       0x08002035   Thumb Code    12  stm32h5xx_hal_exti.o(.text.HAL_EXTI_GetHandle)
    HAL_EXTI_IRQHandler                      0x08002041   Thumb Code    84  stm32h5xx_hal_exti.o(.text.HAL_EXTI_IRQHandler)
    HAL_EXTI_RegisterCallback                0x08002095   Thumb Code    36  stm32h5xx_hal_exti.o(.text.HAL_EXTI_RegisterCallback)
    HAL_GPIO_Init                            0x080020b9   Thumb Code   392  stm32h5xx_hal_gpio.o(.text.HAL_GPIO_Init)
    HAL_GPIO_ReadPin                         0x08002241   Thumb Code    10  stm32h5xx_hal_gpio.o(.text.HAL_GPIO_ReadPin)
    HAL_GPIO_WritePin                        0x0800224d   Thumb Code    12  stm32h5xx_hal_gpio.o(.text.HAL_GPIO_WritePin)
    HAL_GetTick                              0x08002259   Thumb Code    12  stm32h5xx_hal.o(.text.HAL_GetTick)
    HAL_IncTick                              0x08002265   Thumb Code    26  stm32h5xx_hal.o(.text.HAL_IncTick)
    HAL_Init                                 0x08002281   Thumb Code    76  stm32h5xx_hal.o(.text.HAL_Init)
    HAL_InitTick                             0x080022cd   Thumb Code   168  stm32h5xx_hal.o(.text.HAL_InitTick)
    HAL_MspInit                              0x08002375   Thumb Code     2  stm32h5xx_hal_msp.o(.text.HAL_MspInit)
    HAL_NVIC_EnableIRQ                       0x08002379   Thumb Code    34  stm32h5xx_hal_cortex.o(.text.HAL_NVIC_EnableIRQ)
    HAL_NVIC_SetPriority                     0x0800239d   Thumb Code    86  stm32h5xx_hal_cortex.o(.text.HAL_NVIC_SetPriority)
    HAL_NVIC_SetPriorityGrouping             0x080023f5   Thumb Code    32  stm32h5xx_hal_cortex.o(.text.HAL_NVIC_SetPriorityGrouping)
    HAL_PCDEx_ActivateLPM                    0x08002415   Thumb Code    34  stm32h5xx_hal_pcd_ex.o(.text.HAL_PCDEx_ActivateLPM)
    HAL_PCDEx_LPM_Callback                   0x08002439   Thumb Code     2  stm32h5xx_hal_pcd_ex.o(.text.HAL_PCDEx_LPM_Callback)
    HAL_PCD_DataInStageCallback              0x0800243d   Thumb Code     2  stm32h5xx_hal_pcd.o(.text.HAL_PCD_DataInStageCallback)
    HAL_PCD_DataOutStageCallback             0x08002441   Thumb Code     2  stm32h5xx_hal_pcd.o(.text.HAL_PCD_DataOutStageCallback)
    HAL_PCD_IRQHandler                       0x08002445   Thumb Code  2728  stm32h5xx_hal_pcd.o(.text.HAL_PCD_IRQHandler)
    HAL_PCD_Init                             0x08002eed   Thumb Code   598  stm32h5xx_hal_pcd.o(.text.HAL_PCD_Init)
    HAL_PCD_MspInit                          0x08003145   Thumb Code   112  stm32h5xx_hal_msp.o(.text.HAL_PCD_MspInit)
    HAL_PCD_ResetCallback                    0x080031b5   Thumb Code     2  stm32h5xx_hal_pcd.o(.text.HAL_PCD_ResetCallback)
    HAL_PCD_ResumeCallback                   0x080031b9   Thumb Code     2  stm32h5xx_hal_pcd.o(.text.HAL_PCD_ResumeCallback)
    HAL_PCD_SOFCallback                      0x080031bd   Thumb Code     2  stm32h5xx_hal_pcd.o(.text.HAL_PCD_SOFCallback)
    HAL_PCD_SetupStageCallback               0x080031c1   Thumb Code     2  stm32h5xx_hal_pcd.o(.text.HAL_PCD_SetupStageCallback)
    HAL_PCD_Start                            0x080031c5   Thumb Code    44  stm32h5xx_hal_pcd.o(.text.HAL_PCD_Start)
    HAL_PCD_SuspendCallback                  0x080031f1   Thumb Code     2  stm32h5xx_hal_pcd.o(.text.HAL_PCD_SuspendCallback)
    HAL_PWREx_EnableVddUSB                   0x080031f5   Thumb Code    18  stm32h5xx_hal_pwr_ex.o(.text.HAL_PWREx_EnableVddUSB)
    HAL_RCCEx_GetPLL1ClockFreq               0x08003209   Thumb Code   424  stm32h5xx_hal_rcc_ex.o(.text.HAL_RCCEx_GetPLL1ClockFreq)
    HAL_RCCEx_GetPLL2ClockFreq               0x080033bd   Thumb Code   424  stm32h5xx_hal_rcc_ex.o(.text.HAL_RCCEx_GetPLL2ClockFreq)
    HAL_RCCEx_GetPLL3ClockFreq               0x08003571   Thumb Code   424  stm32h5xx_hal_rcc_ex.o(.text.HAL_RCCEx_GetPLL3ClockFreq)
    HAL_RCCEx_GetPeriphCLKFreq               0x08003725   Thumb Code  2730  stm32h5xx_hal_rcc_ex.o(.text.HAL_RCCEx_GetPeriphCLKFreq)
    HAL_RCCEx_PeriphCLKConfig                0x080041d1   Thumb Code  2632  stm32h5xx_hal_rcc_ex.o(.text.HAL_RCCEx_PeriphCLKConfig)
    HAL_RCC_ClockConfig                      0x08004c19   Thumb Code   606  stm32h5xx_hal_rcc.o(.text.HAL_RCC_ClockConfig)
    HAL_RCC_GetHCLKFreq                      0x08004e79   Thumb Code    48  stm32h5xx_hal_rcc.o(.text.HAL_RCC_GetHCLKFreq)
    HAL_RCC_GetPCLK1Freq                     0x08004ea9   Thumb Code    70  stm32h5xx_hal_rcc.o(.text.HAL_RCC_GetPCLK1Freq)
    HAL_RCC_GetPCLK2Freq                     0x08004ef1   Thumb Code    70  stm32h5xx_hal_rcc.o(.text.HAL_RCC_GetPCLK2Freq)
    HAL_RCC_GetPCLK3Freq                     0x08004f39   Thumb Code    70  stm32h5xx_hal_rcc.o(.text.HAL_RCC_GetPCLK3Freq)
    HAL_RCC_GetSysClockFreq                  0x08004f81   Thumb Code   284  stm32h5xx_hal_rcc.o(.text.HAL_RCC_GetSysClockFreq)
    HAL_RCC_OscConfig                        0x080050ad   Thumb Code  1602  stm32h5xx_hal_rcc.o(.text.HAL_RCC_OscConfig)
    HAL_SYSTICK_CLKSourceConfig              0x080056f1   Thumb Code   118  stm32h5xx_hal_cortex.o(.text.HAL_SYSTICK_CLKSourceConfig)
    HAL_SYSTICK_Config                       0x08005769   Thumb Code    36  stm32h5xx_hal_cortex.o(.text.HAL_SYSTICK_Config)
    HAL_SYSTICK_GetCLKSourceConfig           0x0800578d   Thumb Code    48  stm32h5xx_hal_cortex.o(.text.HAL_SYSTICK_GetCLKSourceConfig)
    HAL_TIMEx_MasterConfigSynchronization    0x080057bd   Thumb Code   402  stm32h5xx_hal_tim_ex.o(.text.HAL_TIMEx_MasterConfigSynchronization)
    HAL_TIM_Base_Init                        0x08005951   Thumb Code    98  stm32h5xx_hal_tim.o(.text.HAL_TIM_Base_Init)
    HAL_TIM_Base_MspInit                     0x080059b5   Thumb Code    48  stm32h5xx_hal_msp.o(.text.HAL_TIM_Base_MspInit)
    HAL_TIM_Base_Start                       0x080059e5   Thumb Code   312  stm32h5xx_hal_tim.o(.text.HAL_TIM_Base_Start)
    HAL_UART_Init                            0x08005b1d   Thumb Code   100  stm32h5xx_hal_uart.o(.text.HAL_UART_Init)
    HAL_UART_MspInit                         0x08005b81   Thumb Code     2  stm32h5xx_hal_uart.o(.text.HAL_UART_MspInit)
    HardFault_Handler                        0x08005b85   Thumb Code     2  stm32h5xx_it.o(.text.HardFault_Handler)
    MX_USART_Init                            0x08005b89   Thumb Code    52  stm32h5xx_nucleo.o(.text.MX_USART_Init)
    MemManage_Handler                        0x08005bbd   Thumb Code     2  stm32h5xx_it.o(.text.MemManage_Handler)
    NMI_Handler                              0x08005bc1   Thumb Code     2  stm32h5xx_it.o(.text.NMI_Handler)
    PendSV_Handler                           0x08005bc5   Thumb Code     2  stm32h5xx_it.o(.text.PendSV_Handler)
    SVC_Handler                              0x08005da1   Thumb Code     2  stm32h5xx_it.o(.text.SVC_Handler)
    SysTick_Handler                          0x08005da5   Thumb Code     4  stm32h5xx_it.o(.text.SysTick_Handler)
    SystemClock_Config                       0x08005da9   Thumb Code   202  main.o(.text.SystemClock_Config)
    SystemInit                               0x08005e75   Thumb Code   174  system_stm32h5xx.o(.text.SystemInit)
    TIM_Base_SetConfig                       0x08005f25   Thumb Code   570  stm32h5xx_hal_tim.o(.text.TIM_Base_SetConfig)
    UART_AdvFeatureConfig                    0x08006161   Thumb Code   230  stm32h5xx_hal_uart.o(.text.UART_AdvFeatureConfig)
    UART_CheckIdleState                      0x08006249   Thumb Code   362  stm32h5xx_hal_uart.o(.text.UART_CheckIdleState)
    UART_SetConfig                           0x080063b5   Thumb Code   572  stm32h5xx_hal_uart.o(.text.UART_SetConfig)
    UART_WaitOnFlagUntilTimeout              0x080065f1   Thumb Code   818  stm32h5xx_hal_uart.o(.text.UART_WaitOnFlagUntilTimeout)
    USB_CoreInit                             0x08006925   Thumb Code    32  stm32h5xx_ll_usb.o(.text.USB_CoreInit)
    USB_DRD_FS_IRQHandler                    0x08006945   Thumb Code    24  stm32h5xx_it.o(.text.USB_DRD_FS_IRQHandler)
    USB_DevConnect                           0x0800695d   Thumb Code    14  stm32h5xx_ll_usb.o(.text.USB_DevConnect)
    USB_DevDisconnect                        0x0800696d   Thumb Code    14  stm32h5xx_ll_usb.o(.text.USB_DevDisconnect)
    USB_DevInit                              0x0800697d   Thumb Code    30  stm32h5xx_ll_usb.o(.text.USB_DevInit)
    USB_DisableGlobalInt                     0x0800699d   Thumb Code    18  stm32h5xx_ll_usb.o(.text.USB_DisableGlobalInt)
    USB_EPStartXfer                          0x080069b1   Thumb Code  1938  stm32h5xx_ll_usb.o(.text.USB_EPStartXfer)
    USB_EnableGlobalInt                      0x08007145   Thumb Code    14  stm32h5xx_ll_usb.o(.text.USB_EnableGlobalInt)
    USB_ReadInterrupts                       0x08007155   Thumb Code     4  stm32h5xx_ll_usb.o(.text.USB_ReadInterrupts)
    USB_ReadPMA                              0x08007159   Thumb Code   210  stm32h5xx_ll_usb.o(.text.USB_ReadPMA)
    USB_SetCurrentMode                       0x0800722d   Thumb Code    36  stm32h5xx_ll_usb.o(.text.USB_SetCurrentMode)
    USB_SetDevAddress                        0x08007251   Thumb Code    12  stm32h5xx_ll_usb.o(.text.USB_SetDevAddress)
    USB_WritePMA                             0x0800725d   Thumb Code   210  stm32h5xx_ll_usb.o(.text.USB_WritePMA)
    UsageFault_Handler                       0x08007331   Thumb Code     2  stm32h5xx_it.o(.text.UsageFault_Handler)
    btable_set_rx_bufsize                    0x08007335   Thumb Code    86  fsdev_common.o(.text.btable_set_rx_bufsize)
    dcd_edpt0_status_complete                0x08007425   Thumb Code    50  dcd_stm32_fsdev.o(.text.dcd_edpt0_status_complete)
    dcd_edpt_clear_stall                     0x08007459   Thumb Code   150  dcd_stm32_fsdev.o(.text.dcd_edpt_clear_stall)
    dcd_edpt_close_all                       0x080074f1   Thumb Code   108  dcd_stm32_fsdev.o(.text.dcd_edpt_close_all)
    dcd_edpt_open                            0x0800755d   Thumb Code   332  dcd_stm32_fsdev.o(.text.dcd_edpt_open)
    dcd_edpt_stall                           0x080076a9   Thumb Code   124  dcd_stm32_fsdev.o(.text.dcd_edpt_stall)
    dcd_edpt_xfer                            0x08007725   Thumb Code   172  dcd_stm32_fsdev.o(.text.dcd_edpt_xfer)
    dcd_edpt_xfer_fifo                       0x080077d1   Thumb Code   172  dcd_stm32_fsdev.o(.text.dcd_edpt_xfer_fifo)
    dcd_event_handler                        0x08007c55   Thumb Code   744  usbd.o(.text.dcd_event_handler)
    dcd_init                                 0x08007f3d   Thumb Code    42  dcd_stm32_fsdev.o(.text.dcd_init)
    dcd_int_disable                          0x08007f69   Thumb Code    24  dcd_stm32_fsdev.o(.text.dcd_int_disable)
    dcd_int_enable                           0x08007f81   Thumb Code    24  dcd_stm32_fsdev.o(.text.dcd_int_enable)
    dcd_int_handler                          0x08007f99   Thumb Code   894  dcd_stm32_fsdev.o(.text.dcd_int_handler)
    dcd_set_address                          0x08008319   Thumb Code    24  dcd_stm32_fsdev.o(.text.dcd_set_address)
    dcd_sof_enable                           0x08008331   Thumb Code    22  dcd_stm32_fsdev.o(.text.dcd_sof_enable)
    fsdev_core_reset                         0x08008419   Thumb Code    78  fsdev_common.o(.text.fsdev_core_reset)
    main                                     0x08008579   Thumb Code 15826  main.o(.text.main)
    midid_control_xfer_cb                    0x0800c44d   Thumb Code     4  midi_device.o(.text.midid_control_xfer_cb)
    midid_deinit                             0x0800c451   Thumb Code     4  midi_device.o(.text.midid_deinit)
    midid_init                               0x0800c455   Thumb Code    76  midi_device.o(.text.midid_init)
    midid_open                               0x0800c4a1   Thumb Code   376  midi_device.o(.text.midid_open)
    midid_reset                              0x0800c619   Thumb Code    44  midi_device.o(.text.midid_reset)
    midid_xfer_cb                            0x0800c645   Thumb Code   146  midi_device.o(.text.midid_xfer_cb)
    pma_align_buffer_size                    0x0800c6d9   Thumb Code    50  fsdev_common.o(.text.pma_align_buffer_size)
    tu_bind_driver_to_ep_itf                 0x0800ca51   Thumb Code   116  tusb.o(.text.tu_bind_driver_to_ep_itf)
    tu_edpt_claim                            0x0800cac5   Thumb Code    40  tusb.o(.text.tu_edpt_claim)
    tu_edpt_release                          0x0800caed   Thumb Code    28  tusb.o(.text.tu_edpt_release)
    tu_edpt_stream_init                      0x0800cb09   Thumb Code    66  tusb.o(.text.tu_edpt_stream_init)
    tu_edpt_stream_read                      0x0800cb4d   Thumb Code    26  tusb.o(.text.tu_edpt_stream_read)
    tu_edpt_stream_read_xfer                 0x0800cb69   Thumb Code   194  tusb.o(.text.tu_edpt_stream_read_xfer)
    tu_edpt_stream_write                     0x0800cc2d   Thumb Code    68  tusb.o(.text.tu_edpt_stream_write)
    tu_edpt_stream_write_available           0x0800cc71   Thumb Code    24  tusb.o(.text.tu_edpt_stream_write_available)
    tu_edpt_stream_write_xfer                0x0800cc89   Thumb Code   190  tusb.o(.text.tu_edpt_stream_write_xfer)
    tu_edpt_stream_write_zlp_if_needed       0x0800cd49   Thumb Code   128  tusb.o(.text.tu_edpt_stream_write_zlp_if_needed)
    tu_fifo_clear                            0x0800cdc9   Thumb Code     8  tusb_fifo.o(.text.tu_fifo_clear)
    tu_fifo_config                           0x0800cdd1   Thumb Code    30  tusb_fifo.o(.text.tu_fifo_config)
    tu_fifo_peek_n_access_mode               0x0800cdf1   Thumb Code   904  tusb_fifo.o(.text.tu_fifo_peek_n_access_mode)
    tu_fifo_read_n_access_mode               0x0800d179   Thumb Code    58  tusb_fifo.o(.text.tu_fifo_read_n_access_mode)
    tu_fifo_write_n_access_mode              0x0800d1b5   Thumb Code  1116  tusb_fifo.o(.text.tu_fifo_write_n_access_mode)
    tu_hwfifo_read                           0x0800d611   Thumb Code   172  tusb_fifo.o(.text.tu_hwfifo_read)
    tu_hwfifo_write                          0x0800d6bd   Thumb Code   160  tusb_fifo.o(.text.tu_hwfifo_write)
    tud_control_status                       0x0800d75d   Thumb Code    54  usbd_control.o(.text.tud_control_status)
    tud_control_xfer                         0x0800d795   Thumb Code   214  usbd_control.o(.text.tud_control_xfer)
    tud_descriptor_bos_cb                    0x0800d86d   Thumb Code     4  usbd.o(.text.tud_descriptor_bos_cb)
    tud_descriptor_configuration_cb          0x0800d871   Thumb Code    10  usb_descriptors.o(.text.tud_descriptor_configuration_cb)
    tud_descriptor_device_cb                 0x0800d87d   Thumb Code    10  usb_descriptors.o(.text.tud_descriptor_device_cb)
    tud_descriptor_device_qualifier_cb       0x0800d889   Thumb Code     4  usbd.o(.text.tud_descriptor_device_qualifier_cb)
    tud_descriptor_other_speed_configuration_cb 0x0800d88d   Thumb Code     4  usbd.o(.text.tud_descriptor_other_speed_configuration_cb)
    tud_descriptor_string_cb                 0x0800d891   Thumb Code   232  usb_descriptors.o(.text.tud_descriptor_string_cb)
    tud_event_hook_cb                        0x0800d979   Thumb Code     2  usbd.o(.text.tud_event_hook_cb)
    tud_midi_n_available                     0x0800d97d   Thumb Code    50  midi_device.o(.text.tud_midi_n_available)
    tud_midi_n_mounted                       0x0800d9b1   Thumb Code    38  midi_device.o(.text.tud_midi_n_mounted)
    tud_midi_n_packet_read                   0x0800d9d9   Thumb Code    36  midi_device.o(.text.tud_midi_n_packet_read)
    tud_midi_n_packet_write                  0x0800d9fd   Thumb Code    72  midi_device.o(.text.tud_midi_n_packet_write)
    tud_midi_rx_cb                           0x0800da45   Thumb Code     2  midi_device.o(.text.tud_midi_rx_cb)
    tud_mount_cb                             0x0800da49   Thumb Code    16  main.o(.text.tud_mount_cb)
    tud_mounted                              0x0800da59   Thumb Code    18  usbd.o(.text.tud_mounted)
    tud_resume_cb                            0x0800da6d   Thumb Code    30  main.o(.text.tud_resume_cb)
    tud_rhport_init                          0x0800da8d   Thumb Code   260  usbd.o(.text.tud_rhport_init)
    tud_sof_cb                               0x0800db91   Thumb Code     2  usbd.o(.text.tud_sof_cb)
    tud_suspend_cb                           0x0800db95   Thumb Code    16  main.o(.text.tud_suspend_cb)
    tud_task_ext                             0x0800dba5   Thumb Code  1632  usbd.o(.text.tud_task_ext)
    tud_umount_cb                            0x0800e205   Thumb Code    14  main.o(.text.tud_umount_cb)
    tud_vendor_control_xfer_cb               0x0800e215   Thumb Code     4  usbd.o(.text.tud_vendor_control_xfer_cb)
    tusb_rhport_init                         0x0800e219   Thumb Code   138  tusb.o(.text.tusb_rhport_init)
    usbd_app_driver_get_cb                   0x0800e2a5   Thumb Code    10  usbd.o(.text.usbd_app_driver_get_cb)
    usbd_control_reset                       0x0800e2b1   Thumb Code    22  usbd_control.o(.text.usbd_control_reset)
    usbd_control_set_complete_callback       0x0800e2c9   Thumb Code    12  usbd_control.o(.text.usbd_control_set_complete_callback)
    usbd_control_set_request                 0x0800e2d5   Thumb Code    24  usbd_control.o(.text.usbd_control_set_request)
    usbd_control_xfer_cb                     0x0800e2ed   Thumb Code   348  usbd_control.o(.text.usbd_control_xfer_cb)
    usbd_edpt_claim                          0x0800e449   Thumb Code    28  usbd.o(.text.usbd_edpt_claim)
    usbd_edpt_clear_stall                    0x0800e465   Thumb Code    64  usbd.o(.text.usbd_edpt_clear_stall)
    usbd_edpt_open                           0x0800e4a5   Thumb Code    40  usbd.o(.text.usbd_edpt_open)
    usbd_edpt_release                        0x0800e4cd   Thumb Code    28  usbd.o(.text.usbd_edpt_release)
    usbd_edpt_stall                          0x0800e4e9   Thumb Code    64  usbd.o(.text.usbd_edpt_stall)
    usbd_edpt_xfer                           0x0800e529   Thumb Code   138  usbd.o(.text.usbd_edpt_xfer)
    usbd_edpt_xfer_fifo                      0x0800e5b5   Thumb Code   138  usbd.o(.text.usbd_edpt_xfer_fifo)
    usbd_int_set                             0x0800e641   Thumb Code    24  usbd.o(.text.usbd_int_set)
    _fp_init                                 0x0800e659   Thumb Code    26  fpinit.o(x$fpl$fpinit)
    __fplib_config_fpu_vfp                   0x0800e671   Thumb Code     0  fpinit.o(x$fpl$fpinit)
    __fplib_config_pureend_doubles           0x0800e671   Thumb Code     0  fpinit.o(x$fpl$fpinit)
    AHBPrescTable                            0x0800e674   Data          16  system_stm32h5xx.o(.rodata.AHBPrescTable)
    APBPrescTable                            0x0800e684   Data           8  system_stm32h5xx.o(.rodata.APBPrescTable)
    UARTPrescTable                           0x0800e68c   Data          24  stm32h5xx_hal_uart.o(.rodata.UARTPrescTable)
    desc_device                              0x0800e6c8   Data          18  usb_descriptors.o(.rodata.desc_device)
    desc_fs_configuration                    0x0800e6da   Data         101  usb_descriptors.o(.rodata.desc_fs_configuration)
    note_map                                 0x0800e73f   Data          16  main.o(.rodata.note_map)
    Region$$Table$$Base                      0x0800e78c   Number         0  anon$$obj.o(Region$$Table)
    Region$$Table$$Limit                     0x0800e7ac   Number         0  anon$$obj.o(Region$$Table)
    keypad_state                             0x20000000   Data           4  main.o(.data..L_MergedGlobals)
    keypad_prev                              0x20000004   Data           4  main.o(.data..L_MergedGlobals)
    uwTickFreq                               0x20000010   Data           1  stm32h5xx_hal.o(.data..L_MergedGlobals)
    uwTickPrio                               0x20000014   Data           4  stm32h5xx_hal.o(.data..L_MergedGlobals)
    _usbd_qdef                               0x2000001c   Data          20  usbd.o(.data..L_MergedGlobals)
    COM_USART                                0x20000030   Data           4  stm32h5xx_nucleo.o(.data.COM_USART)
    SystemCoreClock                          0x20000034   Data           4  system_stm32h5xx.o(.data.SystemCoreClock)
    string_desc_arr                          0x20000038   Data          20  usb_descriptors.o(.data.string_desc_arr)
    __libspace_start                         0x20000050   Data          96  libspace.o(.bss)
    __temporary_stack_top$libspace           0x200000b0   Data           0  libspace.o(.bss)
    adc_values                               0x2000012b   Data           2  main.o(.bss..L_MergedGlobals.1)
    BspCOMInit                               0x2000013c   Data          16  main.o(.bss..L_MergedGlobals.1)
    List_GPDMA1_Channel0                     0x200001a0   Data          24  main.o(.bss.List_GPDMA1_Channel0)
    Node_GPDMA1_Channel0                     0x200001b8   Data          36  main.o(.bss.Node_GPDMA1_Channel0)
    _tusb_rhport_role                        0x200002dc   Data           2  tusb.o(.bss._tusb_rhport_role)
    _usbd_qdef_buf                           0x200002de   Data         192  usbd.o(.bss._usbd_qdef_buf)
    hadc1                                    0x200003a0   Data         104  main.o(.bss.hadc1)
    handle_GPDMA1_Channel0                   0x20000408   Data         120  main.o(.bss.handle_GPDMA1_Channel0)
    hcom_uart                                0x20000480   Data         148  stm32h5xx_nucleo.o(.bss.hcom_uart)
    hpb_exti                                 0x20000514   Data          12  stm32h5xx_nucleo.o(.bss.hpb_exti)
    hpcd_USB_DRD_FS                          0x20000520   Data         740  main.o(.bss.hpcd_USB_DRD_FS)
    htim6                                    0x20000804   Data          76  main.o(.bss.htim6)
    uwTick                                   0x20000854   Data           4  stm32h5xx_hal.o(.bss.uwTick)



==============================================================================

Memory Map of the image

  Image Entry point : 0x08000255

  Load Region LR_IROM1 (Base: 0x08000000, Size: 0x0000e800, Max: 0x00080000, ABSOLUTE)

    Execution Region ER_IROM1 (Exec base: 0x08000000, Load base: 0x08000000, Size: 0x0000e7ac, Max: 0x00080000, ABSOLUTE)

    Exec Addr    Load Addr    Size         Type   Attr      Idx    E Section Name        Object

    0x08000000   0x08000000   0x00000254   Data   RO            3    RESET               startup_stm32h533xx.o
    0x08000254   0x08000254   0x00000008   Code   RO         2122  * !!!main             c_w.l(__main.o)
    0x0800025c   0x0800025c   0x0000005c   Code   RO         2299    !!!scatter          c_w.l(__scatter.o)
    0x080002b8   0x080002b8   0x0000001a   Code   RO         2303    !!handler_copy      c_w.l(__scatter_copy.o)
    0x080002d2   0x080002d2   0x00000002   PAD
    0x080002d4   0x080002d4   0x00000002   Code   RO         2300    !!handler_null      c_w.l(__scatter.o)
    0x080002d6   0x080002d6   0x00000002   PAD
    0x080002d8   0x080002d8   0x0000001c   Code   RO         2305    !!handler_zi        c_w.l(__scatter_zi.o)
    0x080002f4   0x080002f4   0x00000002   Code   RO         2161    .ARM.Collect$$libinit$$00000000  c_w.l(libinit.o)
    0x080002f6   0x080002f6   0x00000004   Code   RO         2173    .ARM.Collect$$libinit$$00000001  c_w.l(libinit2.o)
    0x080002fa   0x080002fa   0x00000000   Code   RO         2176    .ARM.Collect$$libinit$$00000004  c_w.l(libinit2.o)
    0x080002fa   0x080002fa   0x00000000   Code   RO         2178    .ARM.Collect$$libinit$$00000006  c_w.l(libinit2.o)
    0x080002fa   0x080002fa   0x00000000   Code   RO         2181    .ARM.Collect$$libinit$$0000000C  c_w.l(libinit2.o)
    0x080002fa   0x080002fa   0x00000000   Code   RO         2183    .ARM.Collect$$libinit$$0000000E  c_w.l(libinit2.o)
    0x080002fa   0x080002fa   0x00000000   Code   RO         2185    .ARM.Collect$$libinit$$00000010  c_w.l(libinit2.o)
    0x080002fa   0x080002fa   0x00000000   Code   RO         2188    .ARM.Collect$$libinit$$00000013  c_w.l(libinit2.o)
    0x080002fa   0x080002fa   0x00000000   Code   RO         2190    .ARM.Collect$$libinit$$00000015  c_w.l(libinit2.o)
    0x080002fa   0x080002fa   0x00000000   Code   RO         2192    .ARM.Collect$$libinit$$00000017  c_w.l(libinit2.o)
    0x080002fa   0x080002fa   0x00000000   Code   RO         2194    .ARM.Collect$$libinit$$00000019  c_w.l(libinit2.o)
    0x080002fa   0x080002fa   0x00000000   Code   RO         2196    .ARM.Collect$$libinit$$0000001B  c_w.l(libinit2.o)
    0x080002fa   0x080002fa   0x00000000   Code   RO         2198    .ARM.Collect$$libinit$$0000001D  c_w.l(libinit2.o)
    0x080002fa   0x080002fa   0x00000000   Code   RO         2200    .ARM.Collect$$libinit$$0000001F  c_w.l(libinit2.o)
    0x080002fa   0x080002fa   0x00000000   Code   RO         2202    .ARM.Collect$$libinit$$00000021  c_w.l(libinit2.o)
    0x080002fa   0x080002fa   0x00000000   Code   RO         2204    .ARM.Collect$$libinit$$00000023  c_w.l(libinit2.o)
    0x080002fa   0x080002fa   0x00000000   Code   RO         2206    .ARM.Collect$$libinit$$00000025  c_w.l(libinit2.o)
    0x080002fa   0x080002fa   0x00000000   Code   RO         2208    .ARM.Collect$$libinit$$00000027  c_w.l(libinit2.o)
    0x080002fa   0x080002fa   0x00000000   Code   RO         2212    .ARM.Collect$$libinit$$0000002E  c_w.l(libinit2.o)
    0x080002fa   0x080002fa   0x00000000   Code   RO         2214    .ARM.Collect$$libinit$$00000030  c_w.l(libinit2.o)
    0x080002fa   0x080002fa   0x00000000   Code   RO         2216    .ARM.Collect$$libinit$$00000032  c_w.l(libinit2.o)
    0x080002fa   0x080002fa   0x00000000   Code   RO         2218    .ARM.Collect$$libinit$$00000034  c_w.l(libinit2.o)
    0x080002fa   0x080002fa   0x00000002   Code   RO         2219    .ARM.Collect$$libinit$$00000035  c_w.l(libinit2.o)
    0x080002fc   0x080002fc   0x00000002   Code   RO         2254    .ARM.Collect$$libshutdown$$00000000  c_w.l(libshutdown.o)
    0x080002fe   0x080002fe   0x00000000   Code   RO         2282    .ARM.Collect$$libshutdown$$00000002  c_w.l(libshutdown2.o)
    0x080002fe   0x080002fe   0x00000000   Code   RO         2284    .ARM.Collect$$libshutdown$$00000004  c_w.l(libshutdown2.o)
    0x080002fe   0x080002fe   0x00000000   Code   RO         2287    .ARM.Collect$$libshutdown$$00000007  c_w.l(libshutdown2.o)
    0x080002fe   0x080002fe   0x00000000   Code   RO         2290    .ARM.Collect$$libshutdown$$0000000A  c_w.l(libshutdown2.o)
    0x080002fe   0x080002fe   0x00000000   Code   RO         2292    .ARM.Collect$$libshutdown$$0000000C  c_w.l(libshutdown2.o)
    0x080002fe   0x080002fe   0x00000000   Code   RO         2295    .ARM.Collect$$libshutdown$$0000000F  c_w.l(libshutdown2.o)
    0x080002fe   0x080002fe   0x00000002   Code   RO         2296    .ARM.Collect$$libshutdown$$00000010  c_w.l(libshutdown2.o)
    0x08000300   0x08000300   0x00000000   Code   RO         2124    .ARM.Collect$$rtentry$$00000000  c_w.l(__rtentry.o)
    0x08000300   0x08000300   0x00000000   Code   RO         2132    .ARM.Collect$$rtentry$$00000002  c_w.l(__rtentry2.o)
    0x08000300   0x08000300   0x00000006   Code   RO         2144    .ARM.Collect$$rtentry$$00000004  c_w.l(__rtentry4.o)
    0x08000306   0x08000306   0x00000000   Code   RO         2134    .ARM.Collect$$rtentry$$00000009  c_w.l(__rtentry2.o)
    0x08000306   0x08000306   0x00000004   Code   RO         2135    .ARM.Collect$$rtentry$$0000000A  c_w.l(__rtentry2.o)
    0x0800030a   0x0800030a   0x00000000   Code   RO         2137    .ARM.Collect$$rtentry$$0000000C  c_w.l(__rtentry2.o)
    0x0800030a   0x0800030a   0x00000008   Code   RO         2138    .ARM.Collect$$rtentry$$0000000D  c_w.l(__rtentry2.o)
    0x08000312   0x08000312   0x00000002   Code   RO         2165    .ARM.Collect$$rtexit$$00000000  c_w.l(rtexit.o)
    0x08000314   0x08000314   0x00000000   Code   RO         2225    .ARM.Collect$$rtexit$$00000002  c_w.l(rtexit2.o)
    0x08000314   0x08000314   0x00000004   Code   RO         2226    .ARM.Collect$$rtexit$$00000003  c_w.l(rtexit2.o)
    0x08000318   0x08000318   0x00000006   Code   RO         2227    .ARM.Collect$$rtexit$$00000004  c_w.l(rtexit2.o)
    0x0800031e   0x0800031e   0x00000002   PAD
    0x08000320   0x08000320   0x00000044   Code   RO            4    .text               startup_stm32h533xx.o
    0x08000364   0x08000364   0x000000f0   Code   RO         2110    .text               c_w.l(lludivv7m.o)
    0x08000454   0x08000454   0x0000003e   Code   RO         2112    .text               c_w.l(strlen.o)
    0x08000492   0x08000492   0x0000008a   Code   RO         2114    .text               c_w.l(rt_memcpy_v6.o)
    0x0800051c   0x0800051c   0x0000004e   Code   RO         2118    .text               c_w.l(rt_memclr_w.o)
    0x0800056a   0x0800056a   0x00000006   Code   RO         2120    .text               c_w.l(heapauxi.o)
    0x08000570   0x08000570   0x00000064   Code   RO         2129    .text               c_w.l(rt_memcpy_w.o)
    0x080005d4   0x080005d4   0x0000004a   Code   RO         2148    .text               c_w.l(sys_stackheap_outer.o)
    0x0800061e   0x0800061e   0x00000012   Code   RO         2150    .text               c_w.l(exit.o)
    0x08000630   0x08000630   0x00000008   Code   RO         2162    .text               c_w.l(libspace.o)
    0x08000638   0x08000638   0x0000000c   Code   RO         2220    .text               c_w.l(sys_exit.o)
    0x08000644   0x08000644   0x00000002   Code   RO         2243    .text               c_w.l(use_no_semi.o)
    0x08000646   0x08000646   0x00000000   Code   RO         2245    .text               c_w.l(indicate_semi.o)
    0x08000646   0x08000646   0x00000002   PAD
    0x08000648   0x08000648   0x00000062   Code   RO          190    .text.ADC_DMAConvCplt  stm32h5xx_hal_adc.o
    0x080006aa   0x080006aa   0x00000002   PAD
    0x080006ac   0x080006ac   0x00000016   Code   RO          194    .text.ADC_DMAError  stm32h5xx_hal_adc.o
    0x080006c2   0x080006c2   0x00000002   PAD
    0x080006c4   0x080006c4   0x00000006   Code   RO          192    .text.ADC_DMAHalfConvCplt  stm32h5xx_hal_adc.o
    0x080006ca   0x080006ca   0x00000002   PAD
    0x080006cc   0x080006cc   0x000000f2   Code   RO          176    .text.ADC_Enable    stm32h5xx_hal_adc.o
    0x080007be   0x080007be   0x00000002   PAD
    0x080007c0   0x080007c0   0x000000a4   Code   RO          140    .text.BSP_COM_Init  stm32h5xx_nucleo.o
    0x08000864   0x08000864   0x00000002   Code   RO          138    .text.BSP_PB_Callback  stm32h5xx_nucleo.o
    0x08000866   0x08000866   0x00000002   PAD
    0x08000868   0x08000868   0x00000014   Code   RO          136    .text.BSP_PB_IRQHandler  stm32h5xx_nucleo.o
    0x0800087c   0x0800087c   0x00000098   Code   RO          128    .text.BSP_PB_Init   stm32h5xx_nucleo.o
    0x08000914   0x08000914   0x00000006   Code   RO          130    .text.BUTTON_USER_EXTI_Callback  stm32h5xx_nucleo.o
    0x0800091a   0x0800091a   0x00000002   PAD
    0x0800091c   0x0800091c   0x00000002   Code   RO           63    .text.BusFault_Handler  stm32h5xx_it.o
    0x0800091e   0x0800091e   0x00000002   PAD
    0x08000920   0x08000920   0x000001d2   Code   RO          346    .text.DMA_List_FindNode  stm32h5xx_hal_dma_ex.o
    0x08000af2   0x08000af2   0x00000002   PAD
    0x08000af4   0x08000af4   0x00000002   Code   RO           69    .text.DebugMon_Handler  stm32h5xx_it.o
    0x08000af6   0x08000af6   0x00000002   PAD
    0x08000af8   0x08000af8   0x00000006   Code   RO           75    .text.EXTI13_IRQHandler  stm32h5xx_it.o
    0x08000afe   0x08000afe   0x00000002   PAD
    0x08000b00   0x08000b00   0x00000006   Code   RO           17    .text.Error_Handler  main.o
    0x08000b06   0x08000b06   0x00000002   PAD
    0x08000b08   0x08000b08   0x0000000c   Code   RO           77    .text.GPDMA1_Channel0_IRQHandler  stm32h5xx_it.o
    0x08000b14   0x08000b14   0x000003d8   Code   RO          214    .text.HAL_ADC_ConfigChannel  stm32h5xx_hal_adc.o
    0x08000eec   0x08000eec   0x00000002   Code   RO          206    .text.HAL_ADC_ConvCpltCallback  stm32h5xx_hal_adc.o
    0x08000eee   0x08000eee   0x00000002   PAD
    0x08000ef0   0x08000ef0   0x00000002   Code   RO          212    .text.HAL_ADC_ConvHalfCpltCallback  stm32h5xx_hal_adc.o
    0x08000ef2   0x08000ef2   0x00000002   PAD
    0x08000ef4   0x08000ef4   0x00000002   Code   RO          210    .text.HAL_ADC_ErrorCallback  stm32h5xx_hal_adc.o
    0x08000ef6   0x08000ef6   0x00000002   PAD
    0x08000ef8   0x08000ef8   0x000001fa   Code   RO          162    .text.HAL_ADC_Init  stm32h5xx_hal_adc.o
    0x080010f2   0x080010f2   0x00000002   PAD
    0x080010f4   0x080010f4   0x00000154   Code   RO           90    .text.HAL_ADC_MspInit  stm32h5xx_hal_msp.o
    0x08001248   0x08001248   0x0000015c   Code   RO          188    .text.HAL_ADC_Start_DMA  stm32h5xx_hal_adc.o
    0x080013a4   0x080013a4   0x00000174   Code   RO          338    .text.HAL_DMAEx_List_BuildNode  stm32h5xx_hal_dma_ex.o
    0x08001518   0x08001518   0x00000156   Code   RO          340    .text.HAL_DMAEx_List_GetNodeConfig  stm32h5xx_hal_dma_ex.o
    0x0800166e   0x0800166e   0x00000002   PAD
    0x08001670   0x08001670   0x00000316   Code   RO          330    .text.HAL_DMAEx_List_Init  stm32h5xx_hal_dma_ex.o
    0x08001986   0x08001986   0x00000002   PAD
    0x08001988   0x08001988   0x0000012a   Code   RO          342    .text.HAL_DMAEx_List_InsertNode  stm32h5xx_hal_dma_ex.o
    0x08001ab2   0x08001ab2   0x00000002   PAD
    0x08001ab4   0x08001ab4   0x000000f6   Code   RO          382    .text.HAL_DMAEx_List_LinkQ  stm32h5xx_hal_dma_ex.o
    0x08001baa   0x08001baa   0x00000002   PAD
    0x08001bac   0x08001bac   0x00000116   Code   RO          374    .text.HAL_DMAEx_List_SetCircularMode  stm32h5xx_hal_dma_ex.o
    0x08001cc2   0x08001cc2   0x00000002   PAD
    0x08001cc4   0x08001cc4   0x000000d8   Code   RO          336    .text.HAL_DMAEx_List_Start_IT  stm32h5xx_hal_dma_ex.o
    0x08001d9c   0x08001d9c   0x0000003a   Code   RO          316    .text.HAL_DMA_ConfigChannelAttributes  stm32h5xx_hal_dma.o
    0x08001dd6   0x08001dd6   0x00000002   PAD
    0x08001dd8   0x08001dd8   0x000001a8   Code   RO          306    .text.HAL_DMA_IRQHandler  stm32h5xx_hal_dma.o
    0x08001f80   0x08001f80   0x000000b2   Code   RO          298    .text.HAL_DMA_Start_IT  stm32h5xx_hal_dma.o
    0x08002032   0x08002032   0x00000002   PAD
    0x08002034   0x08002034   0x0000000c   Code   RO          956    .text.HAL_EXTI_GetHandle  stm32h5xx_hal_exti.o
    0x08002040   0x08002040   0x00000054   Code   RO          958    .text.HAL_EXTI_IRQHandler  stm32h5xx_hal_exti.o
    0x08002094   0x08002094   0x00000024   Code   RO          954    .text.HAL_EXTI_RegisterCallback  stm32h5xx_hal_exti.o
    0x080020b8   0x080020b8   0x00000188   Code   RO          602    .text.HAL_GPIO_Init  stm32h5xx_hal_gpio.o
    0x08002240   0x08002240   0x0000000a   Code   RO          606    .text.HAL_GPIO_ReadPin  stm32h5xx_hal_gpio.o
    0x0800224a   0x0800224a   0x00000002   PAD
    0x0800224c   0x0800224c   0x0000000c   Code   RO          608    .text.HAL_GPIO_WritePin  stm32h5xx_hal_gpio.o
    0x08002258   0x08002258   0x0000000c   Code   RO          830    .text.HAL_GetTick   stm32h5xx_hal.o
    0x08002264   0x08002264   0x0000001a   Code   RO          828    .text.HAL_IncTick   stm32h5xx_hal.o
    0x0800227e   0x0800227e   0x00000002   PAD
    0x08002280   0x08002280   0x0000004c   Code   RO          818    .text.HAL_Init      stm32h5xx_hal.o
    0x080022cc   0x080022cc   0x000000a8   Code   RO          820    .text.HAL_InitTick  stm32h5xx_hal.o
    0x08002374   0x08002374   0x00000002   Code   RO           88    .text.HAL_MspInit   stm32h5xx_hal_msp.o
    0x08002376   0x08002376   0x00000002   PAD
    0x08002378   0x08002378   0x00000022   Code   RO          768    .text.HAL_NVIC_EnableIRQ  stm32h5xx_hal_cortex.o
    0x0800239a   0x0800239a   0x00000002   PAD
    0x0800239c   0x0800239c   0x00000056   Code   RO          766    .text.HAL_NVIC_SetPriority  stm32h5xx_hal_cortex.o
    0x080023f2   0x080023f2   0x00000002   PAD
    0x080023f4   0x080023f4   0x00000020   Code   RO          764    .text.HAL_NVIC_SetPriorityGrouping  stm32h5xx_hal_cortex.o
    0x08002414   0x08002414   0x00000022   Code   RO         1442    .text.HAL_PCDEx_ActivateLPM  stm32h5xx_hal_pcd_ex.o
    0x08002436   0x08002436   0x00000002   PAD
    0x08002438   0x08002438   0x00000002   Code   RO         1446    .text.HAL_PCDEx_LPM_Callback  stm32h5xx_hal_pcd_ex.o
    0x0800243a   0x0800243a   0x00000002   PAD
    0x0800243c   0x0800243c   0x00000002   Code   RO         1384    .text.HAL_PCD_DataInStageCallback  stm32h5xx_hal_pcd.o
    0x0800243e   0x0800243e   0x00000002   PAD
    0x08002440   0x08002440   0x00000002   Code   RO         1382    .text.HAL_PCD_DataOutStageCallback  stm32h5xx_hal_pcd.o
    0x08002442   0x08002442   0x00000002   PAD
    0x08002444   0x08002444   0x00000aa8   Code   RO         1370    .text.HAL_PCD_IRQHandler  stm32h5xx_hal_pcd.o
    0x08002eec   0x08002eec   0x00000256   Code   RO         1358    .text.HAL_PCD_Init  stm32h5xx_hal_pcd.o
    0x08003142   0x08003142   0x00000002   PAD
    0x08003144   0x08003144   0x00000070   Code   RO           98    .text.HAL_PCD_MspInit  stm32h5xx_hal_msp.o
    0x080031b4   0x080031b4   0x00000002   Code   RO         1372    .text.HAL_PCD_ResetCallback  stm32h5xx_hal_pcd.o
    0x080031b6   0x080031b6   0x00000002   PAD
    0x080031b8   0x080031b8   0x00000002   Code   RO         1376    .text.HAL_PCD_ResumeCallback  stm32h5xx_hal_pcd.o
    0x080031ba   0x080031ba   0x00000002   PAD
    0x080031bc   0x080031bc   0x00000002   Code   RO         1380    .text.HAL_PCD_SOFCallback  stm32h5xx_hal_pcd.o
    0x080031be   0x080031be   0x00000002   PAD
    0x080031c0   0x080031c0   0x00000002   Code   RO         1386    .text.HAL_PCD_SetupStageCallback  stm32h5xx_hal_pcd.o
    0x080031c2   0x080031c2   0x00000002   PAD
    0x080031c4   0x080031c4   0x0000002c   Code   RO         1366    .text.HAL_PCD_Start  stm32h5xx_hal_pcd.o
    0x080031f0   0x080031f0   0x00000002   Code   RO         1378    .text.HAL_PCD_SuspendCallback  stm32h5xx_hal_pcd.o
    0x080031f2   0x080031f2   0x00000002   PAD
    0x080031f4   0x080031f4   0x00000012   Code   RO          702    .text.HAL_PWREx_EnableVddUSB  stm32h5xx_hal_pwr_ex.o
    0x08003206   0x08003206   0x00000002   PAD
    0x08003208   0x08003208   0x000001b4   Code   RO          459    .text.HAL_RCCEx_GetPLL1ClockFreq  stm32h5xx_hal_rcc_ex.o
    0x080033bc   0x080033bc   0x000001b4   Code   RO          461    .text.HAL_RCCEx_GetPLL2ClockFreq  stm32h5xx_hal_rcc_ex.o
    0x08003570   0x08003570   0x000001b4   Code   RO          463    .text.HAL_RCCEx_GetPLL3ClockFreq  stm32h5xx_hal_rcc_ex.o
    0x08003724   0x08003724   0x00000aaa   Code   RO          465    .text.HAL_RCCEx_GetPeriphCLKFreq  stm32h5xx_hal_rcc_ex.o
    0x080041ce   0x080041ce   0x00000002   PAD
    0x080041d0   0x080041d0   0x00000a48   Code   RO          451    .text.HAL_RCCEx_PeriphCLKConfig  stm32h5xx_hal_rcc_ex.o
    0x08004c18   0x08004c18   0x0000025e   Code   RO          415    .text.HAL_RCC_ClockConfig  stm32h5xx_hal_rcc.o
    0x08004e76   0x08004e76   0x00000002   PAD
    0x08004e78   0x08004e78   0x00000030   Code   RO          413    .text.HAL_RCC_GetHCLKFreq  stm32h5xx_hal_rcc.o
    0x08004ea8   0x08004ea8   0x00000046   Code   RO          421    .text.HAL_RCC_GetPCLK1Freq  stm32h5xx_hal_rcc.o
    0x08004eee   0x08004eee   0x00000002   PAD
    0x08004ef0   0x08004ef0   0x00000046   Code   RO          423    .text.HAL_RCC_GetPCLK2Freq  stm32h5xx_hal_rcc.o
    0x08004f36   0x08004f36   0x00000002   PAD
    0x08004f38   0x08004f38   0x00000046   Code   RO          425    .text.HAL_RCC_GetPCLK3Freq  stm32h5xx_hal_rcc.o
    0x08004f7e   0x08004f7e   0x00000002   PAD
    0x08004f80   0x08004f80   0x0000012c   Code   RO          417    .text.HAL_RCC_GetSysClockFreq  stm32h5xx_hal_rcc.o
    0x080050ac   0x080050ac   0x00000642   Code   RO          411    .text.HAL_RCC_OscConfig  stm32h5xx_hal_rcc.o
    0x080056ee   0x080056ee   0x00000002   PAD
    0x080056f0   0x080056f0   0x00000076   Code   RO          790    .text.HAL_SYSTICK_CLKSourceConfig  stm32h5xx_hal_cortex.o
    0x08005766   0x08005766   0x00000002   PAD
    0x08005768   0x08005768   0x00000024   Code   RO          788    .text.HAL_SYSTICK_Config  stm32h5xx_hal_cortex.o
    0x0800578c   0x0800578c   0x00000030   Code   RO          792    .text.HAL_SYSTICK_GetCLKSourceConfig  stm32h5xx_hal_cortex.o
    0x080057bc   0x080057bc   0x00000192   Code   RO         1279    .text.HAL_TIMEx_MasterConfigSynchronization  stm32h5xx_hal_tim_ex.o
    0x0800594e   0x0800594e   0x00000002   PAD
    0x08005950   0x08005950   0x00000062   Code   RO          978    .text.HAL_TIM_Base_Init  stm32h5xx_hal_tim.o
    0x080059b2   0x080059b2   0x00000002   PAD
    0x080059b4   0x080059b4   0x00000030   Code   RO           94    .text.HAL_TIM_Base_MspInit  stm32h5xx_hal_msp.o
    0x080059e4   0x080059e4   0x00000138   Code   RO          988    .text.HAL_TIM_Base_Start  stm32h5xx_hal_tim.o
    0x08005b1c   0x08005b1c   0x00000064   Code   RO         1571    .text.HAL_UART_Init  stm32h5xx_hal_uart.o
    0x08005b80   0x08005b80   0x00000002   Code   RO         1573    .text.HAL_UART_MspInit  stm32h5xx_hal_uart.o
    0x08005b82   0x08005b82   0x00000002   PAD
    0x08005b84   0x08005b84   0x00000002   Code   RO           59    .text.HardFault_Handler  stm32h5xx_it.o
    0x08005b86   0x08005b86   0x00000002   PAD
    0x08005b88   0x08005b88   0x00000034   Code   RO          142    .text.MX_USART_Init  stm32h5xx_nucleo.o
    0x08005bbc   0x08005bbc   0x00000002   Code   RO           61    .text.MemManage_Handler  stm32h5xx_it.o
    0x08005bbe   0x08005bbe   0x00000002   PAD
    0x08005bc0   0x08005bc0   0x00000002   Code   RO           57    .text.NMI_Handler   stm32h5xx_it.o
    0x08005bc2   0x08005bc2   0x00000002   PAD
    0x08005bc4   0x08005bc4   0x00000002   Code   RO           71    .text.PendSV_Handler  stm32h5xx_it.o
    0x08005bc6   0x08005bc6   0x00000002   PAD
    0x08005bc8   0x08005bc8   0x000000ea   Code   RO          453    .text.RCCEx_PLL2_Config  stm32h5xx_hal_rcc_ex.o
    0x08005cb2   0x08005cb2   0x00000002   PAD
    0x08005cb4   0x08005cb4   0x000000ea   Code   RO          455    .text.RCCEx_PLL3_Config  stm32h5xx_hal_rcc_ex.o
    0x08005d9e   0x08005d9e   0x00000002   PAD
    0x08005da0   0x08005da0   0x00000002   Code   RO           67    .text.SVC_Handler   stm32h5xx_it.o
    0x08005da2   0x08005da2   0x00000002   PAD
    0x08005da4   0x08005da4   0x00000004   Code   RO           73    .text.SysTick_Handler  stm32h5xx_it.o
    0x08005da8   0x08005da8   0x000000ca   Code   RO           13    .text.SystemClock_Config  main.o
    0x08005e72   0x08005e72   0x00000002   PAD
    0x08005e74   0x08005e74   0x000000ae   Code   RO         1714    .text.SystemInit    system_stm32h5xx.o
    0x08005f22   0x08005f22   0x00000002   PAD
    0x08005f24   0x08005f24   0x0000023a   Code   RO          982    .text.TIM_Base_SetConfig  stm32h5xx_hal_tim.o
    0x0800615e   0x0800615e   0x00000002   PAD
    0x08006160   0x08006160   0x000000e6   Code   RO         1575    .text.UART_AdvFeatureConfig  stm32h5xx_hal_uart.o
    0x08006246   0x08006246   0x00000002   PAD
    0x08006248   0x08006248   0x0000016a   Code   RO         1579    .text.UART_CheckIdleState  stm32h5xx_hal_uart.o
    0x080063b2   0x080063b2   0x00000002   PAD
    0x080063b4   0x080063b4   0x0000023c   Code   RO         1577    .text.UART_SetConfig  stm32h5xx_hal_uart.o
    0x080065f0   0x080065f0   0x00000332   Code   RO         1593    .text.UART_WaitOnFlagUntilTimeout  stm32h5xx_hal_uart.o
    0x08006922   0x08006922   0x00000002   PAD
    0x08006924   0x08006924   0x00000020   Code   RO         1456    .text.USB_CoreInit  stm32h5xx_ll_usb.o
    0x08006944   0x08006944   0x00000018   Code   RO           79    .text.USB_DRD_FS_IRQHandler  stm32h5xx_it.o
    0x0800695c   0x0800695c   0x0000000e   Code   RO         1488    .text.USB_DevConnect  stm32h5xx_ll_usb.o
    0x0800696a   0x0800696a   0x00000002   PAD
    0x0800696c   0x0800696c   0x0000000e   Code   RO         1490    .text.USB_DevDisconnect  stm32h5xx_ll_usb.o
    0x0800697a   0x0800697a   0x00000002   PAD
    0x0800697c   0x0800697c   0x0000001e   Code   RO         1464    .text.USB_DevInit   stm32h5xx_ll_usb.o
    0x0800699a   0x0800699a   0x00000002   PAD
    0x0800699c   0x0800699c   0x00000012   Code   RO         1460    .text.USB_DisableGlobalInt  stm32h5xx_ll_usb.o
    0x080069ae   0x080069ae   0x00000002   PAD
    0x080069b0   0x080069b0   0x00000792   Code   RO         1474    .text.USB_EPStartXfer  stm32h5xx_ll_usb.o
    0x08007142   0x08007142   0x00000002   PAD
    0x08007144   0x08007144   0x0000000e   Code   RO         1458    .text.USB_EnableGlobalInt  stm32h5xx_ll_usb.o
    0x08007152   0x08007152   0x00000002   PAD
    0x08007154   0x08007154   0x00000004   Code   RO         1492    .text.USB_ReadInterrupts  stm32h5xx_ll_usb.o
    0x08007158   0x08007158   0x000000d2   Code   RO         1498    .text.USB_ReadPMA   stm32h5xx_ll_usb.o
    0x0800722a   0x0800722a   0x00000002   PAD
    0x0800722c   0x0800722c   0x00000024   Code   RO         1462    .text.USB_SetCurrentMode  stm32h5xx_ll_usb.o
    0x08007250   0x08007250   0x0000000c   Code   RO         1486    .text.USB_SetDevAddress  stm32h5xx_ll_usb.o
    0x0800725c   0x0800725c   0x000000d2   Code   RO         1476    .text.USB_WritePMA  stm32h5xx_ll_usb.o
    0x0800732e   0x0800732e   0x00000002   PAD
    0x08007330   0x08007330   0x00000002   Code   RO           65    .text.UsageFault_Handler  stm32h5xx_it.o
    0x08007332   0x08007332   0x00000002   PAD
    0x08007334   0x08007334   0x00000056   Code   RO         2099    .text.btable_set_rx_bufsize  fsdev_common.o
    0x0800738a   0x0800738a   0x00000002   PAD
    0x0800738c   0x0800738c   0x00000098   Code   RO         1957    .text.configuration_reset  usbd.o
    0x08007424   0x08007424   0x00000032   Code   RO         2056    .text.dcd_edpt0_status_complete  dcd_stm32_fsdev.o
    0x08007456   0x08007456   0x00000002   PAD
    0x08007458   0x08007458   0x00000096   Code   RO         2076    .text.dcd_edpt_clear_stall  dcd_stm32_fsdev.o
    0x080074ee   0x080074ee   0x00000002   PAD
    0x080074f0   0x080074f0   0x0000006c   Code   RO         2062    .text.dcd_edpt_close_all  dcd_stm32_fsdev.o
    0x0800755c   0x0800755c   0x0000014c   Code   RO         2058    .text.dcd_edpt_open  dcd_stm32_fsdev.o
    0x080076a8   0x080076a8   0x0000007c   Code   RO         2074    .text.dcd_edpt_stall  dcd_stm32_fsdev.o
    0x08007724   0x08007724   0x000000ac   Code   RO         2050    .text.dcd_edpt_xfer  dcd_stm32_fsdev.o
    0x080077d0   0x080077d0   0x000000ac   Code   RO         2072    .text.dcd_edpt_xfer_fifo  dcd_stm32_fsdev.o
    0x0800787c   0x0800787c   0x000003d6   Code   RO         2060    .text.dcd_ep_alloc  dcd_stm32_fsdev.o
    0x08007c52   0x08007c52   0x00000002   PAD
    0x08007c54   0x08007c54   0x000002e8   Code   RO         1923    .text.dcd_event_handler  usbd.o
    0x08007f3c   0x08007f3c   0x0000002a   Code   RO         2038    .text.dcd_init      dcd_stm32_fsdev.o
    0x08007f66   0x08007f66   0x00000002   PAD
    0x08007f68   0x08007f68   0x00000018   Code   RO         2064    .text.dcd_int_disable  dcd_stm32_fsdev.o
    0x08007f80   0x08007f80   0x00000018   Code   RO         2066    .text.dcd_int_enable  dcd_stm32_fsdev.o
    0x08007f98   0x08007f98   0x0000037e   Code   RO         2054    .text.dcd_int_handler  dcd_stm32_fsdev.o
    0x08008316   0x08008316   0x00000002   PAD
    0x08008318   0x08008318   0x00000018   Code   RO         2048    .text.dcd_set_address  dcd_stm32_fsdev.o
    0x08008330   0x08008330   0x00000016   Code   RO         2046    .text.dcd_sof_enable  dcd_stm32_fsdev.o
    0x08008346   0x08008346   0x00000002   PAD
    0x08008348   0x08008348   0x000000ce   Code   RO         2080    .text.dcd_transmit_packet  dcd_stm32_fsdev.o
    0x08008416   0x08008416   0x00000002   PAD
    0x08008418   0x08008418   0x0000004e   Code   RO         2093    .text.fsdev_core_reset  fsdev_common.o
    0x08008466   0x08008466   0x00000002   PAD
    0x08008468   0x08008468   0x00000110   Code   RO         2040    .text.handle_bus_reset  dcd_stm32_fsdev.o
    0x08008578   0x08008578   0x00003dd2   Code   RO           11    .text.main          main.o
    0x0800c34a   0x0800c34a   0x00000002   PAD
    0x0800c34c   0x0800c34c   0x00000100   Code   RO           35    .text.mcp23s17_write_reg  main.o
    0x0800c44c   0x0800c44c   0x00000004   Code   RO         2025    .text.midid_control_xfer_cb  midi_device.o
    0x0800c450   0x0800c450   0x00000004   Code   RO         2019    .text.midid_deinit  midi_device.o
    0x0800c454   0x0800c454   0x0000004c   Code   RO         2017    .text.midid_init    midi_device.o
    0x0800c4a0   0x0800c4a0   0x00000178   Code   RO         2023    .text.midid_open    midi_device.o
    0x0800c618   0x0800c618   0x0000002c   Code   RO         2021    .text.midid_reset   midi_device.o
    0x0800c644   0x0800c644   0x00000092   Code   RO         2027    .text.midid_xfer_cb  midi_device.o
    0x0800c6d6   0x0800c6d6   0x00000002   PAD
    0x0800c6d8   0x0800c6d8   0x00000032   Code   RO         2097    .text.pma_align_buffer_size  fsdev_common.o
    0x0800c70a   0x0800c70a   0x00000002   PAD
    0x0800c70c   0x0800c70c   0x000000c4   Code   RO         1961    .text.process_get_descriptor  usbd.o
    0x0800c7d0   0x0800c7d0   0x00000160   Code   RO         1959    .text.process_set_config  usbd.o
    0x0800c930   0x0800c930   0x0000011e   Code   RO           37    .text.spi_transfer_byte  main.o
    0x0800ca4e   0x0800ca4e   0x00000002   PAD
    0x0800ca50   0x0800ca50   0x00000074   Code   RO         1784    .text.tu_bind_driver_to_ep_itf  tusb.o
    0x0800cac4   0x0800cac4   0x00000028   Code   RO         1780    .text.tu_edpt_claim  tusb.o
    0x0800caec   0x0800caec   0x0000001c   Code   RO         1782    .text.tu_edpt_release  tusb.o
    0x0800cb08   0x0800cb08   0x00000042   Code   RO         1786    .text.tu_edpt_stream_init  tusb.o
    0x0800cb4a   0x0800cb4a   0x00000002   PAD
    0x0800cb4c   0x0800cb4c   0x0000001a   Code   RO         1798    .text.tu_edpt_stream_read  tusb.o
    0x0800cb66   0x0800cb66   0x00000002   PAD
    0x0800cb68   0x0800cb68   0x000000c2   Code   RO         1796    .text.tu_edpt_stream_read_xfer  tusb.o
    0x0800cc2a   0x0800cc2a   0x00000002   PAD
    0x0800cc2c   0x0800cc2c   0x00000044   Code   RO         1792    .text.tu_edpt_stream_write  tusb.o
    0x0800cc70   0x0800cc70   0x00000018   Code   RO         1794    .text.tu_edpt_stream_write_available  tusb.o
    0x0800cc88   0x0800cc88   0x000000be   Code   RO         1790    .text.tu_edpt_stream_write_xfer  tusb.o
    0x0800cd46   0x0800cd46   0x00000002   PAD
    0x0800cd48   0x0800cd48   0x00000080   Code   RO         1788    .text.tu_edpt_stream_write_zlp_if_needed  tusb.o
    0x0800cdc8   0x0800cdc8   0x00000008   Code   RO         1811    .text.tu_fifo_clear  tusb_fifo.o
    0x0800cdd0   0x0800cdd0   0x0000001e   Code   RO         1809    .text.tu_fifo_config  tusb_fifo.o
    0x0800cdee   0x0800cdee   0x00000002   PAD
    0x0800cdf0   0x0800cdf0   0x00000388   Code   RO         1819    .text.tu_fifo_peek_n_access_mode  tusb_fifo.o
    0x0800d178   0x0800d178   0x0000003a   Code   RO         1823    .text.tu_fifo_read_n_access_mode  tusb_fifo.o
    0x0800d1b2   0x0800d1b2   0x00000002   PAD
    0x0800d1b4   0x0800d1b4   0x0000045c   Code   RO         1825    .text.tu_fifo_write_n_access_mode  tusb_fifo.o
    0x0800d610   0x0800d610   0x000000ac   Code   RO         1817    .text.tu_hwfifo_read  tusb_fifo.o
    0x0800d6bc   0x0800d6bc   0x000000a0   Code   RO         1815    .text.tu_hwfifo_write  tusb_fifo.o
    0x0800d75c   0x0800d75c   0x00000036   Code   RO         1978    .text.tud_control_status  usbd_control.o
    0x0800d792   0x0800d792   0x00000002   PAD
    0x0800d794   0x0800d794   0x000000d6   Code   RO         1980    .text.tud_control_xfer  usbd_control.o
    0x0800d86a   0x0800d86a   0x00000002   PAD
    0x0800d86c   0x0800d86c   0x00000004   Code   RO         1857    .text.tud_descriptor_bos_cb  usbd.o
    0x0800d870   0x0800d870   0x0000000a   Code   RO         1731    .text.tud_descriptor_configuration_cb  usb_descriptors.o
    0x0800d87a   0x0800d87a   0x00000002   PAD
    0x0800d87c   0x0800d87c   0x0000000a   Code   RO         1729    .text.tud_descriptor_device_cb  usb_descriptors.o
    0x0800d886   0x0800d886   0x00000002   PAD
    0x0800d888   0x0800d888   0x00000004   Code   RO         1859    .text.tud_descriptor_device_qualifier_cb  usbd.o
    0x0800d88c   0x0800d88c   0x00000004   Code   RO         1861    .text.tud_descriptor_other_speed_configuration_cb  usbd.o
    0x0800d890   0x0800d890   0x000000e8   Code   RO         1733    .text.tud_descriptor_string_cb  usb_descriptors.o
    0x0800d978   0x0800d978   0x00000002   Code   RO         1853    .text.tud_event_hook_cb  usbd.o
    0x0800d97a   0x0800d97a   0x00000002   PAD
    0x0800d97c   0x0800d97c   0x00000032   Code   RO         2003    .text.tud_midi_n_available  midi_device.o
    0x0800d9ae   0x0800d9ae   0x00000002   PAD
    0x0800d9b0   0x0800d9b0   0x00000026   Code   RO         2001    .text.tud_midi_n_mounted  midi_device.o
    0x0800d9d6   0x0800d9d6   0x00000002   PAD
    0x0800d9d8   0x0800d9d8   0x00000024   Code   RO         2007    .text.tud_midi_n_packet_read  midi_device.o
    0x0800d9fc   0x0800d9fc   0x00000048   Code   RO         2013    .text.tud_midi_n_packet_write  midi_device.o
    0x0800da44   0x0800da44   0x00000002   Code   RO         1999    .text.tud_midi_rx_cb  midi_device.o
    0x0800da46   0x0800da46   0x00000002   PAD
    0x0800da48   0x0800da48   0x00000010   Code   RO           27    .text.tud_mount_cb  main.o
    0x0800da58   0x0800da58   0x00000012   Code   RO         1897    .text.tud_mounted   usbd.o
    0x0800da6a   0x0800da6a   0x00000002   PAD
    0x0800da6c   0x0800da6c   0x0000001e   Code   RO           33    .text.tud_resume_cb  main.o
    0x0800da8a   0x0800da8a   0x00000002   PAD
    0x0800da8c   0x0800da8c   0x00000104   Code   RO         1915    .text.tud_rhport_init  usbd.o
    0x0800db90   0x0800db90   0x00000002   Code   RO         1855    .text.tud_sof_cb    usbd.o
    0x0800db92   0x0800db92   0x00000002   PAD
    0x0800db94   0x0800db94   0x00000010   Code   RO           31    .text.tud_suspend_cb  main.o
    0x0800dba4   0x0800dba4   0x00000660   Code   RO         1921    .text.tud_task_ext  usbd.o
    0x0800e204   0x0800e204   0x0000000e   Code   RO           29    .text.tud_umount_cb  main.o
    0x0800e212   0x0800e212   0x00000002   PAD
    0x0800e214   0x0800e214   0x00000004   Code   RO         1871    .text.tud_vendor_control_xfer_cb  usbd.o
    0x0800e218   0x0800e218   0x0000008a   Code   RO         1766    .text.tusb_rhport_init  tusb.o
    0x0800e2a2   0x0800e2a2   0x00000002   PAD
    0x0800e2a4   0x0800e2a4   0x0000000a   Code   RO         1887    .text.usbd_app_driver_get_cb  usbd.o
    0x0800e2ae   0x0800e2ae   0x00000002   PAD
    0x0800e2b0   0x0800e2b0   0x00000016   Code   RO         1982    .text.usbd_control_reset  usbd_control.o
    0x0800e2c6   0x0800e2c6   0x00000002   PAD
    0x0800e2c8   0x0800e2c8   0x0000000c   Code   RO         1984    .text.usbd_control_set_complete_callback  usbd_control.o
    0x0800e2d4   0x0800e2d4   0x00000018   Code   RO         1986    .text.usbd_control_set_request  usbd_control.o
    0x0800e2ec   0x0800e2ec   0x0000015c   Code   RO         1988    .text.usbd_control_xfer_cb  usbd_control.o
    0x0800e448   0x0800e448   0x0000001c   Code   RO         1935    .text.usbd_edpt_claim  usbd.o
    0x0800e464   0x0800e464   0x00000040   Code   RO         1947    .text.usbd_edpt_clear_stall  usbd.o
    0x0800e4a4   0x0800e4a4   0x00000028   Code   RO         1931    .text.usbd_edpt_open  usbd.o
    0x0800e4cc   0x0800e4cc   0x0000001c   Code   RO         1937    .text.usbd_edpt_release  usbd.o
    0x0800e4e8   0x0800e4e8   0x00000040   Code   RO         1945    .text.usbd_edpt_stall  usbd.o
    0x0800e528   0x0800e528   0x0000008a   Code   RO         1939    .text.usbd_edpt_xfer  usbd.o
    0x0800e5b2   0x0800e5b2   0x00000002   PAD
    0x0800e5b4   0x0800e5b4   0x0000008a   Code   RO         1941    .text.usbd_edpt_xfer_fifo  usbd.o
    0x0800e63e   0x0800e63e   0x00000002   PAD
    0x0800e640   0x0800e640   0x00000018   Code   RO         1885    .text.usbd_int_set  usbd.o
    0x0800e658   0x0800e658   0x0000001a   Code   RO         2237    x$fpl$fpinit        fz_wm.l(fpinit.o)
    0x0800e672   0x0800e672   0x00000002   Data   RO         1737    .rodata..compoundliteral  usb_descriptors.o
    0x0800e674   0x0800e674   0x00000010   Data   RO         1719    .rodata.AHBPrescTable  system_stm32h5xx.o
    0x0800e684   0x0800e684   0x00000008   Data   RO         1720    .rodata.APBPrescTable  system_stm32h5xx.o
    0x0800e68c   0x0800e68c   0x00000018   Data   RO         1705    .rodata.UARTPrescTable  stm32h5xx_hal_uart.o
    0x0800e6a4   0x0800e6a4   0x00000024   Data   RO         1965    .rodata._usbd_driver  usbd.o
    0x0800e6c8   0x0800e6c8   0x00000012   Data   RO         1735    .rodata.desc_device  usb_descriptors.o
    0x0800e6da   0x0800e6da   0x00000065   Data   RO         1736    .rodata.desc_fs_configuration  usb_descriptors.o
    0x0800e73f   0x0800e73f   0x00000010   Data   RO           39    .rodata.note_map    main.o
    0x0800e74f   0x0800e74f   0x0000003d   Data   RO         1738    .rodata.str1.1      usb_descriptors.o
    0x0800e78c   0x0800e78c   0x00000020   Data   RO         2298    Region$$Table       anon$$obj.o


    Execution Region RW_IRAM1 (Exec base: 0x20000000, Load base: 0x0800e7b0, Size: 0x00000f58, Max: 0x00044000, ABSOLUTE)

    Exec Addr    Load Addr    Size         Type   Attr      Idx    E Section Name        Object

    0x20000000   0x0800e7b0   0x00000010   Data   RW           47    .data..L_MergedGlobals  main.o
    0x20000010   0x0800e7c0   0x00000008   Data   RW          939    .data..L_MergedGlobals  stm32h5xx_hal.o
    0x20000018   0x0800e7c8   0x00000018   Data   RW         1966    .data..L_MergedGlobals  usbd.o
    0x20000030   0x0800e7e0   0x00000004   Data   RW          150    .data.COM_USART     stm32h5xx_nucleo.o
    0x20000034   0x0800e7e4   0x00000004   Data   RW         1718    .data.SystemCoreClock  system_stm32h5xx.o
    0x20000038   0x0800e7e8   0x00000014   Data   RW         1739    .data.string_desc_arr  usb_descriptors.o
    0x2000004c   0x0800e7fc   0x00000004   PAD
    0x20000050        -       0x00000060   Zero   RW         2163    .bss                c_w.l(libspace.o)
    0x200000b0        -       0x00000054   Zero   RW         1990    .bss..L_MergedGlobals  usbd_control.o
    0x20000104        -       0x00000022   Zero   RW         2084    .bss..L_MergedGlobals  dcd_stm32_fsdev.o
    0x20000126   0x0800e7fc   0x00000002   PAD
    0x20000128        -       0x00000034   Zero   RW           48    .bss..L_MergedGlobals.1  main.o
    0x2000015c        -       0x00000043   Zero   RW         1967    .bss..L_MergedGlobals.1  usbd.o
    0x2000019f   0x0800e7fc   0x00000001   PAD
    0x200001a0        -       0x00000018   Zero   RW           43    .bss.List_GPDMA1_Channel0  main.o
    0x200001b8        -       0x00000024   Zero   RW           42    .bss.Node_GPDMA1_Channel0  main.o
    0x200001dc        -       0x00000040   Zero   RW         1740    .bss._desc_str      usb_descriptors.o
    0x2000021c        -       0x000000c0   Zero   RW         2029    .bss._midid_itf     midi_device.o
    0x200002dc        -       0x00000002   Zero   RW         1800    .bss._tusb_rhport_role  tusb.o
    0x200002de        -       0x000000c0   Zero   RW         1963    .bss._usbd_qdef_buf  usbd.o
    0x2000039e   0x0800e7fc   0x00000002   PAD
    0x200003a0        -       0x00000068   Zero   RW           41    .bss.hadc1          main.o
    0x20000408        -       0x00000078   Zero   RW           44    .bss.handle_GPDMA1_Channel0  main.o
    0x20000480        -       0x00000094   Zero   RW          152    .bss.hcom_uart      stm32h5xx_nucleo.o
    0x20000514        -       0x0000000c   Zero   RW          151    .bss.hpb_exti       stm32h5xx_nucleo.o
    0x20000520        -       0x000002e4   Zero   RW           45    .bss.hpcd_USB_DRD_FS  main.o
    0x20000804        -       0x0000004c   Zero   RW           40    .bss.htim6          main.o
    0x20000850        -       0x00000001   Zero   RW         2082    .bss.remoteWakeCountdown  dcd_stm32_fsdev.o
    0x20000851   0x0800e7fc   0x00000003   PAD
    0x20000854        -       0x00000004   Zero   RW          938    .bss.uwTick         stm32h5xx_hal.o
    0x20000858        -       0x00000100   Zero   RW         2083    .bss.xfer_status    dcd_stm32_fsdev.o
    0x20000958        -       0x00000200   Zero   RW            2    HEAP                startup_stm32h533xx.o
    0x20000b58        -       0x00000400   Zero   RW            1    STACK               startup_stm32h533xx.o


==============================================================================

Image component sizes


      Code (inc. data)   RO Data    RW Data    ZI Data      Debug   Object Name

      3598          0          0          0        291      32503   dcd_stm32_fsdev.o
       214          0          0          0          0       2723   fsdev_common.o
     16652          0         16         16       1152      66070   main.o
       848          0          0          0        192      16728   midi_device.o
        68         28        596          0       1536       1024   startup_stm32h533xx.o
       282          0          0          8          4      14475   stm32h5xx_hal.o
      2212          0          0          0          0      30257   stm32h5xx_hal_adc.o
       354          6          0          0          0      14157   stm32h5xx_hal_cortex.o
       660          0          0          0          0      11393   stm32h5xx_hal_dma.o
      3008          0          0          0          0      44846   stm32h5xx_hal_dma_ex.o
       132          0          0          0          0       7183   stm32h5xx_hal_exti.o
       414          0          0          0          0       5302   stm32h5xx_hal_gpio.o
       502          0          0          0          0      17315   stm32h5xx_hal_msp.o
      3384          0          0          0          0      17241   stm32h5xx_hal_pcd.o
        36          0          0          0          0       5617   stm32h5xx_hal_pcd_ex.o
        18          0          0          0          0       7468   stm32h5xx_hal_pwr_ex.o
      2766         16          0          0          0      12811   stm32h5xx_hal_rcc.o
      7138        336          0          0          0      23439   stm32h5xx_hal_rcc_ex.o
       980          0          0          0          0      77695   stm32h5xx_hal_tim.o
       402          0          0          0          0      30763   stm32h5xx_hal_tim_ex.o
      2084          0         24          0          0      39209   stm32h5xx_hal_uart.o
        62          0          0          0          0       6176   stm32h5xx_it.o
      2532          0          0          0          0      34012   stm32h5xx_ll_usb.o
       396          0          0          4        160      15642   stm32h5xx_nucleo.o
       174          0         24          4          0       5962   system_stm32h5xx.o
      1018          0          0          0          2      14209   tusb.o
      2448          0          0          0          0      29980   tusb_fifo.o
       252          0        182         20         64       3236   usb_descriptors.o
      3908         46         36         24        259      33900   usbd.o
       674          0          0          0         84       5941   usbd_control.o

    ----------------------------------------------------------------------
     57428        432        910         76       3756     627277   Object Totals
         0          0         32          0          0          0   (incl. Generated)
       212          0          0          0         12          0   (incl. Padding)

    ----------------------------------------------------------------------

      Code (inc. data)   RO Data    RW Data    ZI Data      Debug   Library Member Name

         8          0          0          0          0         68   __main.o
         0          0          0          0          0          0   __rtentry.o
        12          0          0          0          0          0   __rtentry2.o
         6          0          0          0          0          0   __rtentry4.o
        94          8          0          0          0          0   __scatter.o
        26          0          0          0          0          0   __scatter_copy.o
        28          0          0          0          0          0   __scatter_zi.o
        18          0          0          0          0         80   exit.o
         6          0          0          0          0        152   heapauxi.o
         0          0          0          0          0          0   indicate_semi.o
         2          0          0          0          0          0   libinit.o
         6          0          0          0          0          0   libinit2.o
         2          0          0          0          0          0   libshutdown.o
         2          0          0          0          0          0   libshutdown2.o
         8          4          0          0         96         68   libspace.o
       240          0          0          0          0        100   lludivv7m.o
        78          0          0          0          0         80   rt_memclr_w.o
       138          0          0          0          0         68   rt_memcpy_v6.o
       100          0          0          0          0         80   rt_memcpy_w.o
         2          0          0          0          0          0   rtexit.o
        10          0          0          0          0          0   rtexit2.o
        62          0          0          0          0         76   strlen.o
        12          4          0          0          0         68   sys_exit.o
        74          0          0          0          0         80   sys_stackheap_outer.o
         2          0          0          0          0         68   use_no_semi.o
        26          0          0          0          0        116   fpinit.o

    ----------------------------------------------------------------------
       970         16          0          0         96       1104   Library Totals
         8          0          0          0          0          0   (incl. Padding)

    ----------------------------------------------------------------------

      Code (inc. data)   RO Data    RW Data    ZI Data      Debug   Library Name

       936         16          0          0         96        988   c_w.l
        26          0          0          0          0        116   fz_wm.l

    ----------------------------------------------------------------------
       970         16          0          0         96       1104   Library Totals

    ----------------------------------------------------------------------

==============================================================================


      Code (inc. data)   RO Data    RW Data    ZI Data      Debug   

     58398        448        910         76       3852     627473   Grand Totals
     58398        448        910         76       3852     627473   ELF Image Totals
     58398        448        910         76          0          0   ROM Totals

==============================================================================

    Total RO  Size (Code + RO Data)                59308 (  57.92kB)
    Total RW  Size (RW Data + ZI Data)              3928 (   3.84kB)
    Total ROM Size (Code + RO Data + RW Data)      59384 (  57.99kB)

==============================================================================

